Archive member included to satisfy reference by file (symbol)

.\CortexM3\ARM_GCC_541\Debug\TaskComms_Buffer.a(TFT_SPI.o)
                              .\CortexM3\ARM_GCC_541\Debug\tft.o (TFT_SPI_WriteTxData)
.\CortexM3\ARM_GCC_541\Debug\TaskComms_Buffer.a(TFT_DC.o)
                              .\CortexM3\ARM_GCC_541\Debug\tft.o (TFT_DC_Write)
.\CortexM3\ARM_GCC_541\Debug\TaskComms_Buffer.a(TFT_RES.o)
                              .\CortexM3\ARM_GCC_541\Debug\tft.o (TFT_RES_Write)
.\CortexM3\ARM_GCC_541\Debug\TaskComms_Buffer.a(TFT_BackLight.o)
                              .\CortexM3\ARM_GCC_541\Debug\tft.o (TFT_BackLight_WriteCompare)
.\CortexM3\ARM_GCC_541\Debug\TaskComms_Buffer.a(UART_LOG.o)
                              .\CortexM3\ARM_GCC_541\Debug\logging.o (UART_LOG_Start)
.\CortexM3\ARM_GCC_541\Debug\TaskComms_Buffer.a(ErikaOS_ee_activate.o)
                              .\CortexM3\ARM_GCC_541\Debug\main.o (EE_oo_ActivateTask)
.\CortexM3\ARM_GCC_541\Debug\TaskComms_Buffer.a(ErikaOS_ee_evclear.o)
                              .\CortexM3\ARM_GCC_541\Debug\main.o (EE_oo_ClearEvent)
.\CortexM3\ARM_GCC_541\Debug\TaskComms_Buffer.a(ErikaOS_ee_evget.o)
                              .\CortexM3\ARM_GCC_541\Debug\main.o (EE_oo_GetEvent)
.\CortexM3\ARM_GCC_541\Debug\TaskComms_Buffer.a(ErikaOS_ee_evset.o)
                              .\CortexM3\ARM_GCC_541\Debug\main.o (EE_oo_SetEvent)
.\CortexM3\ARM_GCC_541\Debug\TaskComms_Buffer.a(ErikaOS_ee_evwait.o)
                              .\CortexM3\ARM_GCC_541\Debug\main.o (EE_oo_WaitEvent)
.\CortexM3\ARM_GCC_541\Debug\TaskComms_Buffer.a(ErikaOS_ee_irqendin.o)
                              .\CortexM3\ARM_GCC_541\Debug\main.o (EE_IRQ_end_post_stub)
.\CortexM3\ARM_GCC_541\Debug\TaskComms_Buffer.a(ErikaOS_ee_lockres.o)
                              .\CortexM3\ARM_GCC_541\Debug\comms.o (EE_oo_GetResource)
.\CortexM3\ARM_GCC_541\Debug\TaskComms_Buffer.a(ErikaOS_ee_lookup.o)
                              .\CortexM3\ARM_GCC_541\Debug\TaskComms_Buffer.a(ErikaOS_ee_irqendin.o) (EE_oo_IRQ_disable_count)
.\CortexM3\ARM_GCC_541\Debug\TaskComms_Buffer.a(ErikaOS_ee_rq_exchg.o)
                              .\CortexM3\ARM_GCC_541\Debug\TaskComms_Buffer.a(ErikaOS_ee_activate.o) (EE_rq2stk_exchange)
.\CortexM3\ARM_GCC_541\Debug\TaskComms_Buffer.a(ErikaOS_ee_rq_first.o)
                              .\CortexM3\ARM_GCC_541\Debug\TaskComms_Buffer.a(ErikaOS_ee_activate.o) (EE_rq_queryfirst)
.\CortexM3\ARM_GCC_541\Debug\TaskComms_Buffer.a(ErikaOS_ee_rq_inser.o)
                              .\CortexM3\ARM_GCC_541\Debug\TaskComms_Buffer.a(ErikaOS_ee_activate.o) (EE_rq_insert)
.\CortexM3\ARM_GCC_541\Debug\TaskComms_Buffer.a(ErikaOS_ee_startos.o)
                              .\CortexM3\ARM_GCC_541\Debug\main.o (EE_oo_StartOS)
.\CortexM3\ARM_GCC_541\Debug\TaskComms_Buffer.a(ErikaOS_ee_terminat.o)
                              .\CortexM3\ARM_GCC_541\Debug\main.o (EE_oo_TerminateTask)
.\CortexM3\ARM_GCC_541\Debug\TaskComms_Buffer.a(ErikaOS_ee_ulockallres.o)
                              .\CortexM3\ARM_GCC_541\Debug\TaskComms_Buffer.a(ErikaOS_ee_irqendin.o) (EE_oo_release_all_resources)
.\CortexM3\ARM_GCC_541\Debug\TaskComms_Buffer.a(ErikaOS_ee_ulockres.o)
                              .\CortexM3\ARM_GCC_541\Debug\comms.o (EE_oo_ReleaseResource)
.\CortexM3\ARM_GCC_541\Debug\TaskComms_Buffer.a(ErikaOS_cortex_mx_ee_utils.o)
                              .\CortexM3\ARM_GCC_541\Debug\main.o (EE_system_init)
.\CortexM3\ARM_GCC_541\Debug\TaskComms_Buffer.a(ErikaOS_common_ee_hal_structs.o)
                              .\CortexM3\ARM_GCC_541\Debug\TaskComms_Buffer.a(ErikaOS_ee_irqendin.o) (EE_std_endcycle_next_tid)
.\CortexM3\ARM_GCC_541\Debug\TaskComms_Buffer.a(ErikaOS_eecfg.o)
                              .\CortexM3\ARM_GCC_541\Debug\TaskComms_Buffer.a(ErikaOS_ee_startos.o) (EE_oo_autostart_task_data)
.\CortexM3\ARM_GCC_541\Debug\TaskComms_Buffer.a(TFT_SPI_IntClock.o)
                              .\CortexM3\ARM_GCC_541\Debug\TaskComms_Buffer.a(TFT_SPI.o) (TFT_SPI_IntClock_Start)
.\CortexM3\ARM_GCC_541\Debug\TaskComms_Buffer.a(UART_LOG_IntClock.o)
                              .\CortexM3\ARM_GCC_541\Debug\TaskComms_Buffer.a(UART_LOG.o) (UART_LOG_IntClock_Start)
.\CortexM3\ARM_GCC_541\Debug\TaskComms_Buffer.a(CyLib.o)
                              .\CortexM3\ARM_GCC_541\Debug\Cm3Start.o (CyHalt)
.\CortexM3\ARM_GCC_541\Debug\TaskComms_Buffer.a(cyPm.o)
                              .\CortexM3\ARM_GCC_541\Debug\TaskComms_Buffer.a(CyLib.o) (CyPmReadStatus)
.\CortexM3\ARM_GCC_541\Debug\TaskComms_Buffer.a(isr_uartRX.o)
                              .\CortexM3\ARM_GCC_541\Debug\main.o (isr_uartRX_ClearPending)
.\CortexM3\ARM_GCC_541\Debug\TaskComms_Buffer.a(ErikaOS_ee_gnu_change_context_isr.o)
                              .\CortexM3\ARM_GCC_541\Debug\main.o (EE_switch_context)
.\CortexM3\ARM_GCC_541\Debug\TaskComms_Buffer.a(ErikaOS_ee_gnu_irq_stack.o)
[...]
Memory Configuration

Name             Origin             Length             Attributes
rom              0x00000000         0x00040000         xr
ram              0x1fff8000         0x00010000         xrw
*default*        0x00000000         0xffffffff

Linker script and memory map

LOAD c:/h_da softwares & projects/psoc creator/4.4/psoc creator/import/gnu/arm/5.4.1/bin/../lib/gcc/arm-none-eabi/5.4.1/armv7-m/crti.o
LOAD c:/h_da softwares & projects/psoc creator/4.4/psoc creator/import/gnu/arm/5.4.1/bin/../lib/gcc/arm-none-eabi/5.4.1/armv7-m/crtbegin.o
LOAD c:/h_da softwares & projects/psoc creator/4.4/psoc creator/import/gnu/arm/5.4.1/bin/../lib/gcc/arm-none-eabi/5.4.1/../../../../arm-none-eabi/lib/armv7-m/crt0.o
START GROUP
LOAD .\CortexM3\ARM_GCC_541\Debug\tft.o
LOAD .\CortexM3\ARM_GCC_541\Debug\logging.o
LOAD .\CortexM3\ARM_GCC_541\Debug\ringbuffer.o
LOAD .\CortexM3\ARM_GCC_541\Debug\main.o
LOAD .\CortexM3\ARM_GCC_541\Debug\comms.o
LOAD .\CortexM3\ARM_GCC_541\Debug\cyfitter_cfg.o
LOAD .\CortexM3\ARM_GCC_541\Debug\cymetadata.o
LOAD .\CortexM3\ARM_GCC_541\Debug\Cm3Start.o
LOAD .\CortexM3\ARM_GCC_541\Debug\TaskComms_Buffer.a
LOAD C:\H_Da Softwares & Projects\PSoC Creator\4.4\PSoC Creator\psoc\content\cycomponentlibrary\CyComponentLibrary.cylib\CortexM3\ARM_GCC_541\Debug\CyComponentLibrary.a
END GROUP
START GROUP
LOAD c:/h_da softwares & projects/psoc creator/4.4/psoc creator/import/gnu/arm/5.4.1/bin/../lib/gcc/arm-none-eabi/5.4.1/armv7-m\libgcc.a
LOAD c:/h_da softwares & projects/psoc creator/4.4/psoc creator/import/gnu/arm/5.4.1/bin/../lib/gcc/arm-none-eabi/5.4.1/../../../../arm-none-eabi/lib/armv7-m\libg_nano.a
LOAD c:/h_da softwares & projects/psoc creator/4.4/psoc creator/import/gnu/arm/5.4.1/bin/../lib/gcc/arm-none-eabi/5.4.1/../../../../arm-none-eabi/lib/armv7-m\libc_nano.a
END GROUP
START GROUP
LOAD c:/h_da softwares & projects/psoc creator/4.4/psoc creator/import/gnu/arm/5.4.1/bin/../lib/gcc/arm-none-eabi/5.4.1/armv7-m\libgcc.a
LOAD c:/h_da softwares & projects/psoc creator/4.4/psoc creator/import/gnu/arm/5.4.1/bin/../lib/gcc/arm-none-eabi/5.4.1/../../../../arm-none-eabi/lib/armv7-m\libc_nano.a
END GROUP
LOAD c:/h_da softwares & projects/psoc creator/4.4/psoc creator/import/gnu/arm/5.4.1/bin/../lib/gcc/arm-none-eabi/5.4.1/armv7-m/crtend.o
LOAD c:/h_da softwares & projects/psoc creator/4.4/psoc creator/import/gnu/arm/5.4.1/bin/../lib/gcc/arm-none-eabi/5.4.1/armv7-m/crtn.o
START GROUP
LOAD c:/h_da softwares & projects/psoc creator/4.4/psoc creator/import/gnu/arm/5.4.1/bin/../lib/gcc/arm-none-eabi/5.4.1/armv7-m\libgcc.a
LOAD c:/h_da softwares & projects/psoc creator/4.4/psoc creator/import/gnu/arm/5.4.1/bin/../lib/gcc/arm-none-eabi/5.4.1/../../../../arm-none-eabi/lib/armv7-m\libc.a
LOAD c:/h_da softwares & projects/psoc creator/4.4/psoc creator/import/gnu/arm/5.4.1/bin/../lib/gcc/arm-none-eabi/5.4.1/../../../../arm-none-eabi/lib/armv7-m\libnosys.a
END GROUP
                0x00000000                CY_APPL_ORIGIN = 0x0
                0x00000100                CY_FLASH_ROW_SIZE = 0x100
                0x00000020                CY_ECC_ROW_SIZE = 0x20
                0x00000000                CY_EE_IN_BTLDR = 0x0
                0x00000000                CY_APPL_LOADABLE = 0x0
                0x00000800                CY_EE_SIZE = 0x800
                0x00000001                CY_APPL_NUM = 0x1
                0x00000001                CY_APPL_MAX = 0x1
                0x00000040                CY_METADATA_SIZE = 0x40
                0x00000000                CY_APPL_LOADABLE = 0x0
                0x00000000                CY_CHECKSUM_EXCLUDE_SIZE = ALIGN (0x0, CY_FLASH_ROW_SIZE)
                [!provide]                PROVIDE (__cy_heap_start, _end)
                0x00000001                PROVIDE (__cy_region_num, ((__cy_regions_end - __cy_regions) / 0x10))
                0x20008000                PROVIDE (__cy_stack, (ORIGIN (ram) + LENGTH (ram)))
                [!provide]                PROVIDE (__cy_heap_end, (__cy_stack - 0x800))

.cybootloader   0x00000000        0x0
 *(.cybootloader)
                0x00000000                appl1_start = CY_APPL_ORIGIN?CY_APPL_ORIGIN:ALIGN (CY_FLASH_ROW_SIZE)
                0x0001ff00                appl2_start = (appl1_start + ALIGN ((((LENGTH (rom) - appl1_start) - (0x2 * CY_FLASH_ROW_SIZE)) / 0x2), CY_FLASH_ROW_SIZE))
                0x00000000                appl_start = (CY_APPL_NUM == 0x1)?appl1_start:appl2_start
                0x00000000                ecc_offset = ((appl_start / CY_FLASH_ROW_SIZE) * CY_ECC_ROW_SIZE)
                0x00000000                ee_offset = (CY_APPL_LOADABLE && ! (CY_EE_IN_BTLDR))?((CY_EE_SIZE / CY_APPL_MAX) * (CY_APPL_NUM - 0x1)):0x0
                0x00000800                ee_size = (CY_APPL_LOADABLE && ! (CY_EE_IN_BTLDR))?(CY_EE_SIZE / CY_APPL_MAX):CY_EE_SIZE
                [!provide]                PROVIDE (CY_ECC_OFFSET, ecc_offset)

.text           0x00000000     0x23ee
 CREATE_OBJECT_SYMBOLS
                0x00000000                PROVIDE (__cy_interrupt_vector, RomVectors)
 *(.romvectors)
 .romvectors    0x00000000       0x10 .\CortexM3\ARM_GCC_541\Debug\Cm3Start.o
                0x00000000                RomVectors
                0x00000001                ASSERT ((. != __cy_interrupt_vector), No interrupt vector)
                0x00000001                ASSERT (CY_APPL_ORIGIN?(SIZEOF (.cybootloader) <= CY_APPL_ORIGIN):0x1, Wrong image location)
                0x00000010                PROVIDE (__cy_reset, Reset)
 *(.text.Reset)
 .text.Reset    0x00000010       0x18 .\CortexM3\ARM_GCC_541\Debug\Cm3Start.o
                0x00000010                Reset
                0x00000001                ASSERT ((. != __cy_reset), No reset code)
 *(.dma_init)
                0x00000001                ASSERT ((((appl_start + .) <= 0x10000) || 0x1), DMA Init must be within the first 64k of flash)
 *(.text .text.* .gnu.linkonce.t.*)
 .text          0x00000028       0x5c c:/h_da softwares & projects/psoc creator/4.4/psoc creator/import/gnu/arm/5.4.1/bin/../lib/gcc/arm-none-eabi/5.4.1/armv7-m/crtbegin.o
 .text.__TFT_SPI_TX_ISR
                0x00000084       0x58 .\CortexM3\ARM_GCC_541\Debug\tft.o
                0x00000084                __TFT_SPI_TX_ISR
 .text.TFT_send
                0x000000dc       0x84 .\CortexM3\ARM_GCC_541\Debug\tft.o
 .text.setAddrWindow
                0x00000160       0x88 .\CortexM3\ARM_GCC_541\Debug\tft.o
 .text.TFT_setBacklight
                0x000001e8       0x10 .\CortexM3\ARM_GCC_541\Debug\tft.o
                0x000001e8                TFT_setBacklight
 .text.TFT_setRotation
                0x000001f8       0xc0 .\CortexM3\ARM_GCC_541\Debug\tft.o
                0x000001f8                TFT_setRotation
 .text.TFT_setCursor
                0x000002b8       0x10 .\CortexM3\ARM_GCC_541\Debug\tft.o
                0x000002b8                TFT_setCursor
 .text.TFT_getBGcolor
                0x000002c8        0xc .\CortexM3\ARM_GCC_541\Debug\tft.o
                0x000002c8                TFT_getBGcolor
 .text.TFT_fillRect
                0x000002d4       0x8c .\CortexM3\ARM_GCC_541\Debug\tft.o
                0x000002d4                TFT_fillRect
 .text.TFT_fillScreen
                0x00000360       0x24 .\CortexM3\ARM_GCC_541\Debug\tft.o
                0x00000360                TFT_fillScreen
 .text.TFT_init
                0x00000384       0xe4 .\CortexM3\ARM_GCC_541\Debug\tft.o
                0x00000384                TFT_init
 .text.TFT_clearScreen
                0x00000468        0xc .\CortexM3\ARM_GCC_541\Debug\tft.o
                0x00000468                TFT_clearScreen
 .text.TFT_drawPixel
                0x00000474       0x50 .\CortexM3\ARM_GCC_541\Debug\tft.o
                0x00000474                TFT_drawPixel
 .text.TFT_fastVLine
                0x000004c4       0x64 .\CortexM3\ARM_GCC_541\Debug\tft.o
                0x000004c4                TFT_fastVLine
 .text.TFT_drawChar
                0x00000528      0x21c .\CortexM3\ARM_GCC_541\Debug\tft.o
                0x00000528                TFT_drawChar
 .text.TFT_write
                0x00000744      0x144 .\CortexM3\ARM_GCC_541\Debug\tft.o
                0x00000744                TFT_write
 .text.TFT_print
                0x00000888       0x14 .\CortexM3\ARM_GCC_541\Debug\tft.o
                0x00000888                TFT_print
 .text.TFT_println
                0x0000089c       0x1c .\CortexM3\ARM_GCC_541\Debug\tft.o
                0x0000089c                TFT_println
 .text.TFT_printInt
                0x000008b8       0x7c .\CortexM3\ARM_GCC_541\Debug\tft.o
                0x000008b8                TFT_printInt
 .text.LOG_send
                0x00000934       0x2c .\CortexM3\ARM_GCC_541\Debug\logging.o
                0x00000934                LOG_send
 .text.main     0x00000960        0xc .\CortexM3\ARM_GCC_541\Debug\main.o
                0x00000960                main
 .text.Functsk_init
                0x0000096c       0x54 .\CortexM3\ARM_GCC_541\Debug\main.o
                0x0000096c                Functsk_init
 .text.Functsk_sender
                0x000009c0       0x84 .\CortexM3\ARM_GCC_541\Debug\main.o
                0x000009c0                Functsk_sender
 .text.Functsk_tft
                0x00000a44       0x70 .\CortexM3\ARM_GCC_541\Debug\main.o
                0x00000a44                Functsk_tft
 .text.Functsk_uart
                0x00000ab4       0x84 .\CortexM3\ARM_GCC_541\Debug\main.o
                0x00000ab4                Functsk_uart
 .text.Functsk_background
                0x00000b38        0x4 .\CortexM3\ARM_GCC_541\Debug\main.o
                0x00000b38                Functsk_background
 .text.ISR2_isr_uartRX
                0x00000b3c       0x54 .\CortexM3\ARM_GCC_541\Debug\main.o
                0x00000b3c                ISR2_isr_uartRX
 .text.isr_uartRX
                0x00000b90       0x88 .\CortexM3\ARM_GCC_541\Debug\main.o
                0x00000b90                isr_uartRX
 .text.streamRB_init
                0x00000c18       0x14 .\CortexM3\ARM_GCC_541\Debug\comms.o
                0x00000c18                streamRB_init
 .text.streamRB_write
                0x00000c2c       0x40 .\CortexM3\ARM_GCC_541\Debug\comms.o
                0x00000c2c                streamRB_write
 .text.streamRB_read_byte
                0x00000c6c       0x3c .\CortexM3\ARM_GCC_541\Debug\comms.o
                0x00000c6c                streamRB_read_byte
 .text.streamRB_read_message
                0x00000ca8       0x64 .\CortexM3\ARM_GCC_541\Debug\comms.o
                0x00000ca8                streamRB_read_message
 .text.streamRB_flush
                0x00000d0c       0x24 .\CortexM3\ARM_GCC_541\Debug\comms.o
                0x00000d0c                streamRB_flush
 .text.dynRB_init
                0x00000d30       0x18 .\CortexM3\ARM_GCC_541\Debug\comms.o
                0x00000d30                dynRB_init
 .text.dynRB_send
                0x00000d48       0x84 .\CortexM3\ARM_GCC_541\Debug\comms.o
                0x00000d48                dynRB_send
 .text.dynRB_receive
                0x00000dcc       0x60 .\CortexM3\ARM_GCC_541\Debug\comms.o
                0x00000dcc                dynRB_receive
 .text.dynRB_flush
                0x00000e2c       0x28 .\CortexM3\ARM_GCC_541\Debug\comms.o
                0x00000e2c                dynRB_flush
 .text.RB_flush_all
                0x00000e54       0x24 .\CortexM3\ARM_GCC_541\Debug\comms.o
                0x00000e54                RB_flush_all
 .text.UART_LOG_PutInt
                0x00000e78       0x7c .\CortexM3\ARM_GCC_541\Debug\comms.o
                0x00000e78                UART_LOG_PutInt
 .text.CyClockStartupError
                0x00000ef4        0x4 .\CortexM3\ARM_GCC_541\Debug\cyfitter_cfg.o
 .text.cfg_write_bytes32
                0x00000ef8       0x34 .\CortexM3\ARM_GCC_541\Debug\cyfitter_cfg.o
 .text.AnalogSetDefault
                0x00000f2c       0x28 .\CortexM3\ARM_GCC_541\Debug\cyfitter_cfg.o
 .text.CYMEMZERO
                0x00000f54        0xc .\CortexM3\ARM_GCC_541\Debug\cyfitter_cfg.o
 .text.ClockSetup
                0x00000f60       0xd0 .\CortexM3\ARM_GCC_541\Debug\cyfitter_cfg.o
 .text.CYCONFIGCPY
                0x00001030        0x8 .\CortexM3\ARM_GCC_541\Debug\cyfitter_cfg.o
 .text.cyfitter_cfg
                0x00001038      0x110 .\CortexM3\ARM_GCC_541\Debug\cyfitter_cfg.o
                0x00001038                cyfitter_cfg
 .text.IntDefaultHandler
                0x00001148       0x10 .\CortexM3\ARM_GCC_541\Debug\Cm3Start.o
                0x00001148                IntDefaultHandler
 .text.Start_c  0x00001158       0x4c .\CortexM3\ARM_GCC_541\Debug\Cm3Start.o
                0x00001158                Start_c
 .text.initialize_psoc
                0x000011a4       0x68 .\CortexM3\ARM_GCC_541\Debug\Cm3Start.o
                0x000011a4                initialize_psoc
 .text.TFT_SPI_Enable
                0x0000120c       0x34 .\CortexM3\ARM_GCC_541\Debug\TaskComms_Buffer.a(TFT_SPI.o)
                0x0000120c                TFT_SPI_Enable
 .text.TFT_SPI_ReadTxStatus
                0x00001240        0xc .\CortexM3\ARM_GCC_541\Debug\TaskComms_Buffer.a(TFT_SPI.o)
                0x00001240                TFT_SPI_ReadTxStatus
 .text.TFT_SPI_ReadRxStatus
                0x0000124c        0xc .\CortexM3\ARM_GCC_541\Debug\TaskComms_Buffer.a(TFT_SPI.o)
                0x0000124c                TFT_SPI_ReadRxStatus
 .text.TFT_SPI_WriteTxData
                0x00001258       0x18 .\CortexM3\ARM_GCC_541\Debug\TaskComms_Buffer.a(TFT_SPI.o)
                0x00001258                TFT_SPI_WriteTxData
 .text.TFT_SPI_ClearFIFO
                0x00001270       0x3c .\CortexM3\ARM_GCC_541\Debug\TaskComms_Buffer.a(TFT_SPI.o)
                0x00001270                TFT_SPI_ClearFIFO
 .text.TFT_SPI_Init
                0x000012ac       0x28 .\CortexM3\ARM_GCC_541\Debug\TaskComms_Buffer.a(TFT_SPI.o)
                0x000012ac                TFT_SPI_Init
 .text.TFT_SPI_Start
                0x000012d4       0x1c .\CortexM3\ARM_GCC_541\Debug\TaskComms_Buffer.a(TFT_SPI.o)
                0x000012d4                TFT_SPI_Start
 .text.TFT_DC_Write
                0x000012f0       0x18 .\CortexM3\ARM_GCC_541\Debug\TaskComms_Buffer.a(TFT_DC.o)
                0x000012f0                TFT_DC_Write
 .text.TFT_RES_Write
                0x00001308       0x18 .\CortexM3\ARM_GCC_541\Debug\TaskComms_Buffer.a(TFT_RES.o)
                0x00001308                TFT_RES_Write
 .text.TFT_BackLight_Enable
                0x00001320       0x28 .\CortexM3\ARM_GCC_541\Debug\TaskComms_Buffer.a(TFT_BackLight.o)
                0x00001320                TFT_BackLight_Enable
 .text.TFT_BackLight_WritePeriod
                0x00001348        0xc .\CortexM3\ARM_GCC_541\Debug\TaskComms_Buffer.a(TFT_BackLight.o)
                0x00001348                TFT_BackLight_WritePeriod
 .text.TFT_BackLight_WriteCompare
                0x00001354        0xc .\CortexM3\ARM_GCC_541\Debug\TaskComms_Buffer.a(TFT_BackLight.o)
                0x00001354                TFT_BackLight_WriteCompare
 .text.TFT_BackLight_SetInterruptMode
                0x00001360        0xc .\CortexM3\ARM_GCC_541\Debug\TaskComms_Buffer.a(TFT_BackLight.o)
                0x00001360                TFT_BackLight_SetInterruptMode
 .text.TFT_BackLight_Init
                0x0000136c       0x74 .\CortexM3\ARM_GCC_541\Debug\TaskComms_Buffer.a(TFT_BackLight.o)
                0x0000136c                TFT_BackLight_Init
 .text.TFT_BackLight_Start
                0x000013e0       0x1c .\CortexM3\ARM_GCC_541\Debug\TaskComms_Buffer.a(TFT_BackLight.o)
                0x000013e0                TFT_BackLight_Start
 .text.UART_LOG_Init
                0x000013fc       0x28 .\CortexM3\ARM_GCC_541\Debug\TaskComms_Buffer.a(UART_LOG.o)
                0x000013fc                UART_LOG_Init
 .text.UART_LOG_Enable
                0x00001424       0x38 .\CortexM3\ARM_GCC_541\Debug\TaskComms_Buffer.a(UART_LOG.o)
                0x00001424                UART_LOG_Enable
 .text.UART_LOG_Start
                0x0000145c       0x1c .\CortexM3\ARM_GCC_541\Debug\TaskComms_Buffer.a(UART_LOG.o)
                0x0000145c                UART_LOG_Start
 .text.UART_LOG_ReadRxData
                0x00001478        0xc .\CortexM3\ARM_GCC_541\Debug\TaskComms_Buffer.a(UART_LOG.o)
                0x00001478                UART_LOG_ReadRxData
 .text.UART_LOG_ReadRxStatus
                0x00001484       0x10 .\CortexM3\ARM_GCC_541\Debug\TaskComms_Buffer.a(UART_LOG.o)
                0x00001484                UART_LOG_ReadRxStatus
 .text.UART_LOG_GetByte
                0x00001494       0x14 .\CortexM3\ARM_GCC_541\Debug\TaskComms_Buffer.a(UART_LOG.o)
                0x00001494                UART_LOG_GetByte
 .text.UART_LOG_PutChar
                0x000014a8       0x18 .\CortexM3\ARM_GCC_541\Debug\TaskComms_Buffer.a(UART_LOG.o)
                0x000014a8                UART_LOG_PutChar
 .text.UART_LOG_PutString
                0x000014c0       0x24 .\CortexM3\ARM_GCC_541\Debug\TaskComms_Buffer.a(UART_LOG.o)
                0x000014c0                UART_LOG_PutString
 .text.EE_oo_ActivateTask
                0x000014e4       0xe8 .\CortexM3\ARM_GCC_541\Debug\TaskComms_Buffer.a(ErikaOS_ee_activate.o)
                0x000014e4                EE_oo_ActivateTask
 .text.EE_oo_ClearEvent
                0x000015cc       0x5c .\CortexM3\ARM_GCC_541\Debug\TaskComms_Buffer.a(ErikaOS_ee_evclear.o)
                0x000015cc                EE_oo_ClearEvent
 .text.EE_oo_GetEvent
                0x00001628       0x40 .\CortexM3\ARM_GCC_541\Debug\TaskComms_Buffer.a(ErikaOS_ee_evget.o)
                0x00001628                EE_oo_GetEvent
 .text.EE_oo_SetEvent
                0x00001668      0x100 .\CortexM3\ARM_GCC_541\Debug\TaskComms_Buffer.a(ErikaOS_ee_evset.o)
                0x00001668                EE_oo_SetEvent
 .text.EE_oo_WaitEvent
                0x00001768      0x124 .\CortexM3\ARM_GCC_541\Debug\TaskComms_Buffer.a(ErikaOS_ee_evwait.o)
                0x00001768                EE_oo_WaitEvent
 .text.EE_IRQ_run_next_task
                0x0000188c       0x30 .\CortexM3\ARM_GCC_541\Debug\TaskComms_Buffer.a(ErikaOS_ee_irqendin.o)
 .text.EE_IRQ_release_all_items
                0x000018bc       0x38 .\CortexM3\ARM_GCC_541\Debug\TaskComms_Buffer.a(ErikaOS_ee_irqendin.o)
 .text.EE_oo_assign_TID_to_ISR2
                0x000018f4       0x44 .\CortexM3\ARM_GCC_541\Debug\TaskComms_Buffer.a(ErikaOS_ee_irqendin.o)
                0x000018f4                EE_oo_assign_TID_to_ISR2
 .text.EE_IRQ_end_instance
                0x00001938       0x68 .\CortexM3\ARM_GCC_541\Debug\TaskComms_Buffer.a(ErikaOS_ee_irqendin.o)
                0x00001938                EE_IRQ_end_instance
 .text.EE_IRQ_end_post_stub
                0x000019a0       0x18 .\CortexM3\ARM_GCC_541\Debug\TaskComms_Buffer.a(ErikaOS_ee_irqendin.o)
                0x000019a0                EE_IRQ_end_post_stub
 .text.EE_oo_GetResource
                0x000019b8       0xfc .\CortexM3\ARM_GCC_541\Debug\TaskComms_Buffer.a(ErikaOS_ee_lockres.o)
                0x000019b8                EE_oo_GetResource
 .text.EE_rq2stk_exchange
                0x00001ab4       0x88 .\CortexM3\ARM_GCC_541\Debug\TaskComms_Buffer.a(ErikaOS_ee_rq_exchg.o)
                0x00001ab4                EE_rq2stk_exchange
 .text.EE_rq_queryfirst
                0x00001b3c       0x44 .\CortexM3\ARM_GCC_541\Debug\TaskComms_Buffer.a(ErikaOS_ee_rq_first.o)
                0x00001b3c                EE_rq_queryfirst
 .text.EE_rq_insert
                0x00001b80       0x74 .\CortexM3\ARM_GCC_541\Debug\TaskComms_Buffer.a(ErikaOS_ee_rq_inser.o)
                0x00001b80                EE_rq_insert
 .text.compute_task_tid
                0x00001bf4       0x10 .\CortexM3\ARM_GCC_541\Debug\TaskComms_Buffer.a(ErikaOS_ee_startos.o)
 .text.EE_oo_start_os
                0x00001c04        0xc .\CortexM3\ARM_GCC_541\Debug\TaskComms_Buffer.a(ErikaOS_ee_startos.o)
 .text.EE_oo_autostart_tasks
                0x00001c10       0x60 .\CortexM3\ARM_GCC_541\Debug\TaskComms_Buffer.a(ErikaOS_ee_startos.o)
 .text.EE_oo_autostart_os
                0x00001c70        0xc .\CortexM3\ARM_GCC_541\Debug\TaskComms_Buffer.a(ErikaOS_ee_startos.o)
 .text.EE_oo_StartOS
                0x00001c7c       0x84 .\CortexM3\ARM_GCC_541\Debug\TaskComms_Buffer.a(ErikaOS_ee_startos.o)
                0x00001c7c                EE_oo_StartOS
 .text.EE_oo_TerminateTask
                0x00001d00       0x50 .\CortexM3\ARM_GCC_541\Debug\TaskComms_Buffer.a(ErikaOS_ee_terminat.o)
                0x00001d00                EE_oo_TerminateTask
 .text.EE_oo_release_all_resources
                0x00001d50       0x64 .\CortexM3\ARM_GCC_541\Debug\TaskComms_Buffer.a(ErikaOS_ee_ulockallres.o)
                0x00001d50                EE_oo_release_all_resources
 .text.EE_oo_ReleaseResource
                0x00001db4      0x174 .\CortexM3\ARM_GCC_541\Debug\TaskComms_Buffer.a(ErikaOS_ee_ulockres.o)
                0x00001db4                EE_oo_ReleaseResource
 .text.EE_system_init
                0x00001f28       0x38 .\CortexM3\ARM_GCC_541\Debug\TaskComms_Buffer.a(ErikaOS_cortex_mx_ee_utils.o)
                0x00001f28                EE_system_init
 .text.TFT_SPI_IntClock_Start
                0x00001f60       0x1c .\CortexM3\ARM_GCC_541\Debug\TaskComms_Buffer.a(TFT_SPI_IntClock.o)
                0x00001f60                TFT_SPI_IntClock_Start
 .text.UART_LOG_IntClock_Start
                0x00001f7c       0x1c .\CortexM3\ARM_GCC_541\Debug\TaskComms_Buffer.a(UART_LOG_IntClock.o)
                0x00001f7c                UART_LOG_IntClock_Start
 .text.CyHalt   0x00001f98        0x4 .\CortexM3\ARM_GCC_541\Debug\TaskComms_Buffer.a(CyLib.o)
                0x00001f98                CyHalt
 .text.CyDelay  0x00001f9c       0x2c .\CortexM3\ARM_GCC_541\Debug\TaskComms_Buffer.a(CyLib.o)
                0x00001f9c                CyDelay
 .text.CyIntSetPriority
                0x00001fc8       0x30 .\CortexM3\ARM_GCC_541\Debug\TaskComms_Buffer.a(CyLib.o)
                0x00001fc8                CyIntSetPriority
 .text.isr_uartRX_ClearPending
                0x00001ff8        0xc .\CortexM3\ARM_GCC_541\Debug\TaskComms_Buffer.a(isr_uartRX.o)
                0x00001ff8                isr_uartRX_ClearPending
 .text          0x00002004       0x7c .\CortexM3\ARM_GCC_541\Debug\TaskComms_Buffer.a(ErikaOS_ee_gnu_change_context_isr.o)
                0x00002004                EE_set_switch_context_pri
                0x0000201e                EE_switch_context
                0x00002028                EE_cortex_mx_pendsv_ISR
                0x00002064                EE_cortex_mx_svc_ISR
 .text          0x00002080       0x24 .\CortexM3\ARM_GCC_541\Debug\TaskComms_Buffer.a(ErikaOS_ee_gnu_irq_stack.o)
                0x00002080                EE_cortex_mx_change_IRQ_stack
                0x00002092                EE_cortex_mx_change_IRQ_stack_back
 .text          0x000020a4       0x68 .\CortexM3\ARM_GCC_541\Debug\TaskComms_Buffer.a(ErikaOS_ee_gnu_multi_context.o)
                0x000020a4                EE_cortex_mx_change_context
 .text          0x0000210c       0x80 .\CortexM3\ARM_GCC_541\Debug\TaskComms_Buffer.a(ErikaOS_ee_gnu_oo.o)
                0x0000210c                EE_hal_terminate_savestk
                0x00002156                EE_hal_terminate_task
 *fill*         0x0000218c        0x4 
 .text          0x00002190       0x20 .\CortexM3\ARM_GCC_541\Debug\TaskComms_Buffer.a(CyBootAsmGnu.o)
                0x00002190                CyDelayCycles
                0x000021a0                CyEnterCriticalSection
                0x000021a8                CyExitCriticalSection
 .text.EE_thread_not_terminated
                0x000021b0       0x18 .\CortexM3\ARM_GCC_541\Debug\TaskComms_Buffer.a(ErikaOS_ee_tnterm.o)
                0x000021b0                EE_thread_not_terminated
 .text.EE_oo_thread_stub
                0x000021c8       0x10 .\CortexM3\ARM_GCC_541\Debug\TaskComms_Buffer.a(ErikaOS_ee_tstub.o)
                0x000021c8                EE_oo_thread_stub
 .text.EE_std_run_task_code
                0x000021d8       0x18 .\CortexM3\ARM_GCC_541\Debug\TaskComms_Buffer.a(ErikaOS_cortex_mx_ee_context.o)
                0x000021d8                EE_std_run_task_code
 .text.EE_std_need_context_change
                0x000021f0       0x28 .\CortexM3\ARM_GCC_541\Debug\TaskComms_Buffer.a(ErikaOS_cortex_mx_ee_context.o)
                0x000021f0                EE_std_need_context_change
 .text.EE_thread_rnact_max
                0x00002218       0x20 .\CortexM3\ARM_GCC_541\Debug\TaskComms_Buffer.a(ErikaOS_ee_thendin.o)
 .text.EE_thread_endcycle_next
                0x00002238       0x30 .\CortexM3\ARM_GCC_541\Debug\TaskComms_Buffer.a(ErikaOS_ee_thendin.o)
 .text.EE_thread_end_instance
                0x00002268      0x108 .\CortexM3\ARM_GCC_541\Debug\TaskComms_Buffer.a(ErikaOS_ee_thendin.o)
                0x00002268                EE_thread_end_instance
 .text.__errno  0x00002370        0xc c:/h_da softwares & projects/psoc creator/4.4/psoc creator/import/gnu/arm/5.4.1/bin/../lib/gcc/arm-none-eabi/5.4.1/../../../../arm-none-eabi/lib/armv7-m\libg_nano.a(lib_a-errno.o)
                0x00002370                __errno
 .text.__libc_init_array
                0x0000237c       0x4c c:/h_da softwares & projects/psoc creator/4.4/psoc creator/import/gnu/arm/5.4.1/bin/../lib/gcc/arm-none-eabi/5.4.1/../../../../arm-none-eabi/lib/armv7-m\libg_nano.a(lib_a-init.o)
                0x0000237c                __libc_init_array
 .text.memcpy   0x000023c8       0x16 c:/h_da softwares & projects/psoc creator/4.4/psoc creator/import/gnu/arm/5.4.1/bin/../lib/gcc/arm-none-eabi/5.4.1/../../../../arm-none-eabi/lib/armv7-m\libg_nano.a(lib_a-memcpy-stub.o)
                0x000023c8                memcpy
 .text.memset   0x000023de       0x10 c:/h_da softwares & projects/psoc creator/4.4/psoc creator/import/gnu/arm/5.4.1/bin/../lib/gcc/arm-none-eabi/5.4.1/../../../../arm-none-eabi/lib/armv7-m\libg_nano.a(lib_a-memset.o)
                0x000023de                memset
 *(.plt)
 *(.gnu.warning)
 *(.glue_7t)
 .glue_7t       0x000023ee        0x0 linker stubs
 *(.glue_7)
 .glue_7        0x000023ee        0x0 linker stubs
 *(.vfp11_veneer)
 .vfp11_veneer  0x000023ee        0x0 linker stubs
 *(.bootloader)
 *(.ARM.extab* .gnu.linkonce.armextab.*)
 *(.gcc_except_table)

.v4_bx          0x000023f0        0x0
 .v4_bx         0x000023f0        0x0 linker stubs

.iplt           0x000023f0        0x0
 .iplt          0x000023f0        0x0 c:/h_da softwares & projects/psoc creator/4.4/psoc creator/import/gnu/arm/5.4.1/bin/../lib/gcc/arm-none-eabi/5.4.1/armv7-m/crtbegin.o

.eh_frame_hdr
 *(.eh_frame_hdr)

.eh_frame       0x000023f0        0x4
 *(.eh_frame)
 .eh_frame      0x000023f0        0x0 c:/h_da softwares & projects/psoc creator/4.4/psoc creator/import/gnu/arm/5.4.1/bin/../lib/gcc/arm-none-eabi/5.4.1/armv7-m/crtbegin.o
 .eh_frame      0x000023f0        0x4 c:/h_da softwares & projects/psoc creator/4.4/psoc creator/import/gnu/arm/5.4.1/bin/../lib/gcc/arm-none-eabi/5.4.1/armv7-m/crtend.o
                [!provide]                PROVIDE (__exidx_start, .)

.ARM.exidx
 *(.ARM.exidx* .gnu.linkonce.armexidx.*)
                0x000023f4                __exidx_end = .

.rodata         0x000023f4      0x91c
 *(.rodata .rodata.* .gnu.linkonce.r.*)
 .rodata        0x000023f4      0x558 .\CortexM3\ARM_GCC_541\Debug\tft.o
 .rodata.str1.4
                0x0000294c       0x16 .\CortexM3\ARM_GCC_541\Debug\tft.o
 *fill*         0x00002962        0x2 
 .rodata.str1.4
                0x00002964       0x18 .\CortexM3\ARM_GCC_541\Debug\logging.o
 .rodata.str1.4
                0x0000297c       0x50 .\CortexM3\ARM_GCC_541\Debug\main.o
 .rodata.str1.4
                0x000029cc       0x19 .\CortexM3\ARM_GCC_541\Debug\comms.o
                                 0x1e (size before relaxing)
 *fill*         0x000029e5        0x3 
 .rodata        0x000029e8       0x78 .\CortexM3\ARM_GCC_541\Debug\cyfitter_cfg.o
 .rodata        0x00002a60      0x100 .\CortexM3\ARM_GCC_541\Debug\TaskComms_Buffer.a(ErikaOS_ee_lookup.o)
                0x00002a60                EE_rq_lookup
 .rodata        0x00002b60       0xfc .\CortexM3\ARM_GCC_541\Debug\TaskComms_Buffer.a(ErikaOS_eecfg.o)
                0x00002b60                EE_oo_autostart_task_data
                0x00002b6c                EE_oo_action_ROM
                0x00002b80                EE_oo_counter_object_ROM
                0x00002b8c                EE_ALARM_ID
                0x00002b90                EE_alarm_ROM
                0x00002b94                EE_counter_ROM
                0x00002ba0                EE_resource_isr2_ceiling
                0x00002ba8                EE_resource_isr2_priority
                0x00002bb0                EE_resource_ceiling
                0x00002bb8                EE_th_is_extended
                0x00002bcc                EE_th_rnact_max
                0x00002be0                EE_th_dispatch_prio
                0x00002bf4                EE_EVENT_ID
                0x00002c00                EE_RESOURCE_ID
                0x00002c08                EE_th_ready_prio
                0x00002c1c                EE_terminate_real_th_body
                0x00002c30                EE_hal_thread_body
                0x00002c44                EE_std_thread_tos
 .rodata.str1.4
                0x00002c5c       0x78 .\CortexM3\ARM_GCC_541\Debug\TaskComms_Buffer.a(ErikaOS_eecfg.o)
                                 0x75 (size before relaxing)
 .rodata.str1.1
                0x00002cd4        0x2 c:/h_da softwares & projects/psoc creator/4.4/psoc creator/import/gnu/arm/5.4.1/bin/../lib/gcc/arm-none-eabi/5.4.1/../../../../arm-none-eabi/lib/armv7-m\libg_nano.a(lib_a-impure.o)
                0x00002cd8                . = ALIGN (0x4)
 *fill*         0x00002cd6        0x2 
 *(.init)
 .init          0x00002cd8        0x4 c:/h_da softwares & projects/psoc creator/4.4/psoc creator/import/gnu/arm/5.4.1/bin/../lib/gcc/arm-none-eabi/5.4.1/armv7-m/crti.o
                0x00002cd8                _init
 .init          0x00002cdc        0x8 c:/h_da softwares & projects/psoc creator/4.4/psoc creator/import/gnu/arm/5.4.1/bin/../lib/gcc/arm-none-eabi/5.4.1/armv7-m/crtn.o
                0x00002ce4                . = ALIGN (0x4)
                0x00002ce4                __preinit_array_start = .
 *(.preinit_array)
                0x00002ce4                __preinit_array_end = .
                0x00002ce4                . = ALIGN (0x4)
                0x00002ce4                __init_array_start = .
 *(SORT(.init_array.*))
 *(.init_array)
 .init_array    0x00002ce4        0x4 c:/h_da softwares & projects/psoc creator/4.4/psoc creator/import/gnu/arm/5.4.1/bin/../lib/gcc/arm-none-eabi/5.4.1/armv7-m/crtbegin.o
 .init_array    0x00002ce8        0x4 .\CortexM3\ARM_GCC_541\Debug\Cm3Start.o
                0x00002cec                __init_array_end = .
                0x00002cec                . = ALIGN (0x4)
 *(.fini)
 .fini          0x00002cec        0x4 c:/h_da softwares & projects/psoc creator/4.4/psoc creator/import/gnu/arm/5.4.1/bin/../lib/gcc/arm-none-eabi/5.4.1/armv7-m/crti.o
                0x00002cec                _fini
 .fini          0x00002cf0        0x8 c:/h_da softwares & projects/psoc creator/4.4/psoc creator/import/gnu/arm/5.4.1/bin/../lib/gcc/arm-none-eabi/5.4.1/armv7-m/crtn.o
                0x00002cf8                . = ALIGN (0x4)
                0x00002cf8                __fini_array_start = .
 *(.fini_array)
 .fini_array    0x00002cf8        0x4 c:/h_da softwares & projects/psoc creator/4.4/psoc creator/import/gnu/arm/5.4.1/bin/../lib/gcc/arm-none-eabi/5.4.1/armv7-m/crtbegin.o
 *(SORT(.fini_array.*))
                0x00002cfc                __fini_array_end = .
                0x00002cfc                . = ALIGN (0x4)
 *crtbegin.o(.ctors)
 *(EXCLUDE_FILE(*crtend.o) .ctors)
 *(SORT(.ctors.*))
 *crtend.o(.ctors)
                0x00002cfc                . = ALIGN (0x4)
 *crtbegin.o(.dtors)
 *(EXCLUDE_FILE(*crtend.o) .dtors)
 *(SORT(.dtors.*))
 *crtend.o(.dtors)
                0x00002cfc                . = ALIGN (0x4)
                0x00002cfc                __cy_regions = .
                0x00002cfc        0x4 LONG 0x2d10 __cy_region_init_ram
                0x00002d00        0x4 LONG 0x1fff80c8 __cy_region_start_data
                0x00002d04        0x4 LONG 0x1e8 __cy_region_init_size_ram
                0x00002d08        0x4 LONG 0x20a0 __cy_region_zero_size_ram
                0x00002d0c                __cy_regions_end = .
                0x00002d10                . = ALIGN (0x8)
 *fill*         0x00002d0c        0x4 
                0x00002d10                _etext = .

.cy_checksum_exclude
                0x00002d10        0x0
 *(.cy_checksum_exclude)

.ramvectors     0x1fff8000       0xc0
                0x1fff8000                __cy_region_start_ram = .
 *(.ramvectors)
 .ramvectors    0x1fff8000       0xc0 .\CortexM3\ARM_GCC_541\Debug\Cm3Start.o
                0x1fff8000                CyRamVectors

.noinit         0x1fff80c0        0x1
 *(.noinit)
 .noinit        0x1fff80c0        0x1 .\CortexM3\ARM_GCC_541\Debug\TaskComms_Buffer.a(CyLib.o)
                0x1fff80c0                CyResetStatus

.data           0x1fff80c8      0x1e8 load address 0x00002d10
                0x1fff80c8                __cy_region_start_data = .
 *(.jcr)
 .jcr           0x1fff80c8        0x0 c:/h_da softwares & projects/psoc creator/4.4/psoc creator/import/gnu/arm/5.4.1/bin/../lib/gcc/arm-none-eabi/5.4.1/armv7-m/crtbegin.o
 .jcr           0x1fff80c8        0x4 c:/h_da softwares & projects/psoc creator/4.4/psoc creator/import/gnu/arm/5.4.1/bin/../lib/gcc/arm-none-eabi/5.4.1/armv7-m/crtend.o
 *(.got.plt)
 *(.got)
 *(.shdata)
 *(.data .data.* .gnu.linkonce.d.*)
 .data          0x1fff80cc        0x4 .\CortexM3\ARM_GCC_541\Debug\TaskComms_Buffer.a(ErikaOS_ee_irqendin.o)
                0x1fff80cc                EE_isr2_index
 .data          0x1fff80d0      0x164 .\CortexM3\ARM_GCC_541\Debug\TaskComms_Buffer.a(ErikaOS_eecfg.o)
                0x1fff80d0                EE_ALARM_NAME
                0x1fff80d4                EE_counter_RAM
                0x1fff80dc                EE_resource_stack
                0x1fff80e4                EE_th_resource_last
                0x1fff80fc                EE_th_terminate_nextask
                0x1fff8110                EE_rq_pairs_next
                0x1fff8124                EE_rq_link
                0x1fff8138                EE_th_rnact
                0x1fff814c                EE_rq_queues_tail
                0x1fff818c                EE_rq_queues_head
                0x1fff81cc                EE_stkfirst
                0x1fff81d0                EE_th_next
                0x1fff81e4                EE_th_status
                0x1fff81f8                EE_EVENT_NAME
                0x1fff8204                EE_RESOURCE_NAME
                0x1fff820c                EE_TASK_NAME
                0x1fff8220                EE_cortex_mx_IRQ_tos
                0x1fff8224                EE_cortex_mx_system_tos
 .data          0x1fff8234       0x10 .\CortexM3\ARM_GCC_541\Debug\TaskComms_Buffer.a(CyLib.o)
                0x1fff8234                cydelay_32k_ms
                0x1fff8238                cydelay_freq_khz
                0x1fff823c                cydelay_freq_mhz
                0x1fff8240                cydelay_freq_hz
 .data          0x1fff8244        0x4 .\CortexM3\ARM_GCC_541\Debug\TaskComms_Buffer.a(ErikaOS_ee_gnu_irq_stack.o)
 .data.impure_data
                0x1fff8248       0x60 c:/h_da softwares & projects/psoc creator/4.4/psoc creator/import/gnu/arm/5.4.1/bin/../lib/gcc/arm-none-eabi/5.4.1/../../../../arm-none-eabi/lib/armv7-m\libg_nano.a(lib_a-impure.o)
 .data._impure_ptr
                0x1fff82a8        0x4 c:/h_da softwares & projects/psoc creator/4.4/psoc creator/import/gnu/arm/5.4.1/bin/../lib/gcc/arm-none-eabi/5.4.1/../../../../arm-none-eabi/lib/armv7-m\libg_nano.a(lib_a-impure.o)
                0x1fff82a8                _impure_ptr
                0x1fff82b0                . = ALIGN (0x8)
 *fill*         0x1fff82ac        0x4 
 *(.ram)
                0x1fff82b0                _edata = .

.igot.plt       0x1fff82b0        0x0 load address 0x00002ef8
 .igot.plt      0x1fff82b0        0x0 c:/h_da softwares & projects/psoc creator/4.4/psoc creator/import/gnu/arm/5.4.1/bin/../lib/gcc/arm-none-eabi/5.4.1/armv7-m/crtbegin.o

.bss            0x1fff82b0     0x20a0 load address 0x00002ef8
                0x1fff82b0                PROVIDE (__bss_start__, .)
 *(.shbss)
 *(.bss .bss.* .gnu.linkonce.b.*)
 .bss           0x1fff82b0       0x1c c:/h_da softwares & projects/psoc creator/4.4/psoc creator/import/gnu/arm/5.4.1/bin/../lib/gcc/arm-none-eabi/5.4.1/armv7-m/crtbegin.o
 .bss           0x1fff82cc       0xe6 .\CortexM3\ARM_GCC_541\Debug\tft.o
 .bss           0x1fff83b2        0x1 .\CortexM3\ARM_GCC_541\Debug\TaskComms_Buffer.a(TFT_SPI.o)
                0x1fff83b2                TFT_SPI_initVar
 .bss           0x1fff83b3        0x1 .\CortexM3\ARM_GCC_541\Debug\TaskComms_Buffer.a(TFT_BackLight.o)
                0x1fff83b3                TFT_BackLight_initVar
 .bss           0x1fff83b4        0x2 .\CortexM3\ARM_GCC_541\Debug\TaskComms_Buffer.a(UART_LOG.o)
                0x1fff83b4                UART_LOG_initVar
 *fill*         0x1fff83b6        0x2 
 .bss           0x1fff83b8       0x54 .\CortexM3\ARM_GCC_541\Debug\TaskComms_Buffer.a(ErikaOS_eecfg.o)
                0x1fff83b8                EE_resource_locked
                0x1fff83c0                EE_th_waswaiting
                0x1fff83d4                EE_th_event_waitmask
                0x1fff83e8                EE_th_event_active
                0x1fff83fc                EE_rq_free
                0x1fff8400                EE_rq_bitmask
                0x1fff8404                EE_sys_ceiling
                0x1fff8408                EE_cortex_mx_active_tos
 *(COMMON)
 COMMON         0x1fff840c      0x56e .\CortexM3\ARM_GCC_541\Debug\main.o
                0x1fff840c                sharedRB
                0x1fff8874                uartRB
 *fill*         0x1fff897a        0x2 
 COMMON         0x1fff897c        0x8 .\CortexM3\ARM_GCC_541\Debug\TaskComms_Buffer.a(ErikaOS_ee_lookup.o)
                0x1fff897c                EE_oo_IRQ_disable_count
                0x1fff8980                EE_oo_IRQ_suspend_status
 COMMON         0x1fff8984        0x4 .\CortexM3\ARM_GCC_541\Debug\TaskComms_Buffer.a(ErikaOS_ee_startos.o)
                0x1fff8984                EE_oo_started
 COMMON         0x1fff8988        0x8 .\CortexM3\ARM_GCC_541\Debug\TaskComms_Buffer.a(ErikaOS_common_ee_hal_structs.o)
                0x1fff8988                EE_IRQ_nesting_level
                0x1fff898c                EE_std_endcycle_next_tid
 COMMON         0x1fff8990     0x19c0 .\CortexM3\ARM_GCC_541\Debug\TaskComms_Buffer.a(ErikaOS_eecfg.o)
                0x1fff8990                EE_cortex_mx_stack_3
                0x1fff9160                EE_rq_pairs_tid
                0x1fff9174                EE_terminate_data
                0x1fff9188                EE_oo_counter_object_RAM
                0x1fff9198                EE_resource_oldceiling
                0x1fff91a0                EE_cortex_mx_stack_5
                0x1fff9970                EE_ApplicationMode
                0x1fff9974                EE_isr2_nesting_level
                0x1fff9978                EE_cortex_mx_stack_4
                0x1fffa148                EE_isr2_oldpriority
                0x1fffa150                EE_cortex_mx_stack_9
                0x1fffa350                . = ALIGN (0x8)
 *(.ram.b)
                0x1fffa350                _end = .
                0x1fffa350                __end = .
                0x1fffa350                PROVIDE (end, .)
                0x1fffa350                PROVIDE (__bss_end__, .)
                0x00002d10                __cy_region_init_ram = LOADADDR (.data)
                0x000001e8                __cy_region_init_size_ram = (_edata - ADDR (.data))
                0x000020a0                __cy_region_zero_size_ram = (_end - _edata)

.heap           0x1fffa350       0x80 load address 0x00002ef8
                0x1fffa350                . = _end
                0x1fffa3d0                . = (. + 0x80)
 *fill*         0x1fffa350       0x80 
                0x1fffa3d0                __cy_heap_limit = .

.stack          0x20007800      0x800
                0x20007800                __cy_stack_limit = .
                0x20008000                . = (. + 0x800)
 *fill*         0x20007800      0x800 
                0x00000001                ASSERT ((__cy_stack_limit >= __cy_heap_limit), region RAM overflowed with stack)
                0x00000000                cy_checksum_exclude_size = (CY_APPL_LOADABLE == 0x1)?SIZEOF (.cy_checksum_exclude):0x0
                0x00000001                ASSERT ((cy_checksum_exclude_size <= CY_CHECKSUM_EXCLUDE_SIZE), CY_BOOT: Section .cy_checksum_exclude size exceedes specified limit.)

.cyloadermeta
 *(.cyloadermeta)

.cyloadablemeta
 *(.cyloadablemeta)

.cyconfigecc    0x80000000      0x570
 *(.cyconfigecc)
 .cyconfigecc   0x80000000      0x570 .\CortexM3\ARM_GCC_541\Debug\cymetadata.o
                0x80000000                cy_meta_configecc

.cycustnvl      0x90000000        0x4
 *(.cycustnvl)
 .cycustnvl     0x90000000        0x4 .\CortexM3\ARM_GCC_541\Debug\cymetadata.o
                0x90000000                cy_meta_custnvl

.cywolatch      0x90100000        0x4
 *(.cywolatch)
 .cywolatch     0x90100000        0x4 .\CortexM3\ARM_GCC_541\Debug\cymetadata.o
                0x90100000                cy_meta_wonvl

.cyeeprom       0x90200000        0x0
 *(.cyeeprom)
                0x00000001                ASSERT ((. <= ((0x90200000 + ee_offset) + ee_size)), .cyeeprom data will not fit in EEPROM)

.cyflashprotect
                0x90400000      0x100
 *(.cyflashprotect)
 .cyflashprotect
                0x90400000      0x100 .\CortexM3\ARM_GCC_541\Debug\cymetadata.o
                0x90400000                cy_meta_flashprotect

.cymeta         0x90500000        0xc
 *(.cymeta)
 .cymeta        0x90500000        0xc .\CortexM3\ARM_GCC_541\Debug\cymetadata.o
                0x90500000                cy_metadata

.rel.dyn        0x00002ef8        0x0 load address 0x9050000c
 .rel.iplt      0x00002ef8        0x0 c:/h_da softwares & projects/psoc creator/4.4/psoc creator/import/gnu/arm/5.4.1/bin/../lib/gcc/arm-none-eabi/5.4.1/armv7-m/crtbegin.o

.stab
 *(.stab)

.stabstr
 *(.stabstr)

.debug
 *(.debug)

.line
 *(.line)

.debug_srcinfo
 *(.debug_srcinfo)

.debug_sfnames
 *(.debug_sfnames)

.debug_aranges  0x00000000      0xf58
 *(.debug_aranges)
 .debug_aranges
                0x00000000      0x180 .\CortexM3\ARM_GCC_541\Debug\tft.o
 .debug_aranges
                0x00000180       0x28 .\CortexM3\ARM_GCC_541\Debug\logging.o
 .debug_aranges
                0x000001a8       0x40 .\CortexM3\ARM_GCC_541\Debug\ringbuffer.o
 .debug_aranges
                0x000001e8       0x58 .\CortexM3\ARM_GCC_541\Debug\main.o
 .debug_aranges
                0x00000240       0x70 .\CortexM3\ARM_GCC_541\Debug\comms.o
 .debug_aranges
                0x000002b0       0x58 .\CortexM3\ARM_GCC_541\Debug\cyfitter_cfg.o
 .debug_aranges
                0x00000308       0x18 .\CortexM3\ARM_GCC_541\Debug\cymetadata.o
 .debug_aranges
                0x00000320       0x48 .\CortexM3\ARM_GCC_541\Debug\Cm3Start.o
 .debug_aranges
                0x00000368       0xd8 .\CortexM3\ARM_GCC_541\Debug\TaskComms_Buffer.a(TFT_SPI.o)
 .debug_aranges
                0x00000440       0x38 .\CortexM3\ARM_GCC_541\Debug\TaskComms_Buffer.a(TFT_DC.o)
 .debug_aranges
                0x00000478       0x38 .\CortexM3\ARM_GCC_541\Debug\TaskComms_Buffer.a(TFT_RES.o)
 .debug_aranges
                0x000004b0       0x78 .\CortexM3\ARM_GCC_541\Debug\TaskComms_Buffer.a(TFT_BackLight.o)
 .debug_aranges
                0x00000528       0xf0 .\CortexM3\ARM_GCC_541\Debug\TaskComms_Buffer.a(UART_LOG.o)
 .debug_aranges
                0x00000618       0x20 .\CortexM3\ARM_GCC_541\Debug\TaskComms_Buffer.a(ErikaOS_ee_activate.o)
 .debug_aranges
                0x00000638       0x20 .\CortexM3\ARM_GCC_541\Debug\TaskComms_Buffer.a(ErikaOS_ee_evclear.o)
 .debug_aranges
                0x00000658       0x20 .\CortexM3\ARM_GCC_541\Debug\TaskComms_Buffer.a(ErikaOS_ee_evget.o)
 .debug_aranges
                0x00000678       0x20 .\CortexM3\ARM_GCC_541\Debug\TaskComms_Buffer.a(ErikaOS_ee_evset.o)
 .debug_aranges
                0x00000698       0x20 .\CortexM3\ARM_GCC_541\Debug\TaskComms_Buffer.a(ErikaOS_ee_evwait.o)
 .debug_aranges
                0x000006b8       0x40 .\CortexM3\ARM_GCC_541\Debug\TaskComms_Buffer.a(ErikaOS_ee_irqendin.o)
 .debug_aranges
                0x000006f8       0x20 .\CortexM3\ARM_GCC_541\Debug\TaskComms_Buffer.a(ErikaOS_ee_lockres.o)
 .debug_aranges
                0x00000718       0x18 .\CortexM3\ARM_GCC_541\Debug\TaskComms_Buffer.a(ErikaOS_ee_lookup.o)
 .debug_aranges
                0x00000730       0x20 .\CortexM3\ARM_GCC_541\Debug\TaskComms_Buffer.a(ErikaOS_ee_rq_exchg.o)
 .debug_aranges
                0x00000750       0x20 .\CortexM3\ARM_GCC_541\Debug\TaskComms_Buffer.a(ErikaOS_ee_rq_first.o)
 .debug_aranges
                0x00000770       0x20 .\CortexM3\ARM_GCC_541\Debug\TaskComms_Buffer.a(ErikaOS_ee_rq_inser.o)
 .debug_aranges
                0x00000790       0x40 .\CortexM3\ARM_GCC_541\Debug\TaskComms_Buffer.a(ErikaOS_ee_startos.o)
 .debug_aranges
                0x000007d0       0x20 .\CortexM3\ARM_GCC_541\Debug\TaskComms_Buffer.a(ErikaOS_ee_terminat.o)
 .debug_aranges
                0x000007f0       0x20 .\CortexM3\ARM_GCC_541\Debug\TaskComms_Buffer.a(ErikaOS_ee_ulockallres.o)
 .debug_aranges
                0x00000810       0x20 .\CortexM3\ARM_GCC_541\Debug\TaskComms_Buffer.a(ErikaOS_ee_ulockres.o)
 .debug_aranges
                0x00000830       0x20 .\CortexM3\ARM_GCC_541\Debug\TaskComms_Buffer.a(ErikaOS_cortex_mx_ee_utils.o)
 .debug_aranges
                0x00000850       0x18 .\CortexM3\ARM_GCC_541\Debug\TaskComms_Buffer.a(ErikaOS_common_ee_hal_structs.o)
 .debug_aranges
                0x00000868       0x18 .\CortexM3\ARM_GCC_541\Debug\TaskComms_Buffer.a(ErikaOS_eecfg.o)
 .debug_aranges
                0x00000880       0x70 .\CortexM3\ARM_GCC_541\Debug\TaskComms_Buffer.a(TFT_SPI_IntClock.o)
 .debug_aranges
                0x000008f0       0x70 .\CortexM3\ARM_GCC_541\Debug\TaskComms_Buffer.a(UART_LOG_IntClock.o)
 .debug_aranges
                0x00000960      0x2a0 .\CortexM3\ARM_GCC_541\Debug\TaskComms_Buffer.a(CyLib.o)
 .debug_aranges
                0x00000c00       0x98 .\CortexM3\ARM_GCC_541\Debug\TaskComms_Buffer.a(cyPm.o)
 .debug_aranges
                0x00000c98       0x80 .\CortexM3\ARM_GCC_541\Debug\TaskComms_Buffer.a(isr_uartRX.o)
 .debug_aranges
                0x00000d18       0x20 .\CortexM3\ARM_GCC_541\Debug\TaskComms_Buffer.a(ErikaOS_ee_gnu_change_context_isr.o)
 .debug_aranges
                0x00000d38       0x20 .\CortexM3\ARM_GCC_541\Debug\TaskComms_Buffer.a(ErikaOS_ee_gnu_irq_stack.o)
 .debug_aranges
                0x00000d58       0x20 .\CortexM3\ARM_GCC_541\Debug\TaskComms_Buffer.a(ErikaOS_ee_gnu_multi_context.o)
 .debug_aranges
                0x00000d78       0x20 .\CortexM3\ARM_GCC_541\Debug\TaskComms_Buffer.a(ErikaOS_ee_gnu_oo.o)
 .debug_aranges
                0x00000d98       0x20 .\CortexM3\ARM_GCC_541\Debug\TaskComms_Buffer.a(CyBootAsmGnu.o)
 .debug_aranges
                0x00000db8       0x20 .\CortexM3\ARM_GCC_541\Debug\TaskComms_Buffer.a(ErikaOS_ee_tnterm.o)
 .debug_aranges
                0x00000dd8       0x20 .\CortexM3\ARM_GCC_541\Debug\TaskComms_Buffer.a(ErikaOS_ee_tstub.o)
 .debug_aranges
                0x00000df8       0x28 .\CortexM3\ARM_GCC_541\Debug\TaskComms_Buffer.a(ErikaOS_cortex_mx_ee_context.o)
 .debug_aranges
                0x00000e20       0x88 .\CortexM3\ARM_GCC_541\Debug\TaskComms_Buffer.a(CyFlash.o)
 .debug_aranges
                0x00000ea8       0x80 .\CortexM3\ARM_GCC_541\Debug\TaskComms_Buffer.a(CySpc.o)
 .debug_aranges
                0x00000f28       0x30 .\CortexM3\ARM_GCC_541\Debug\TaskComms_Buffer.a(ErikaOS_ee_thendin.o)

.debug_pubnames
 *(.debug_pubnames)

.debug_info     0x00000000    0x132bc
 *(.debug_info .gnu.linkonce.wi.*)
 .debug_info    0x00000000     0x27e6 .\CortexM3\ARM_GCC_541\Debug\tft.o
 .debug_info    0x000027e6      0x3b5 .\CortexM3\ARM_GCC_541\Debug\logging.o
 .debug_info    0x00002b9b      0x3a5 .\CortexM3\ARM_GCC_541\Debug\ringbuffer.o
 .debug_info    0x00002f40      0xc26 .\CortexM3\ARM_GCC_541\Debug\main.o
 .debug_info    0x00003b66      0x84f .\CortexM3\ARM_GCC_541\Debug\comms.o
 .debug_info    0x000043b5      0x5a8 .\CortexM3\ARM_GCC_541\Debug\cyfitter_cfg.o
 .debug_info    0x0000495d      0x136 .\CortexM3\ARM_GCC_541\Debug\cymetadata.o
 .debug_info    0x00004a93      0x3bb .\CortexM3\ARM_GCC_541\Debug\Cm3Start.o
 .debug_info    0x00004e4e      0x4bb .\CortexM3\ARM_GCC_541\Debug\TaskComms_Buffer.a(TFT_SPI.o)
 .debug_info    0x00005309      0x11f .\CortexM3\ARM_GCC_541\Debug\TaskComms_Buffer.a(TFT_DC.o)
 .debug_info    0x00005428      0x11f .\CortexM3\ARM_GCC_541\Debug\TaskComms_Buffer.a(TFT_RES.o)
 .debug_info    0x00005547      0x27e .\CortexM3\ARM_GCC_541\Debug\TaskComms_Buffer.a(TFT_BackLight.o)
 .debug_info    0x000057c5      0x60c .\CortexM3\ARM_GCC_541\Debug\TaskComms_Buffer.a(UART_LOG.o)
 .debug_info    0x00005dd1      0x819 .\CortexM3\ARM_GCC_541\Debug\TaskComms_Buffer.a(ErikaOS_ee_activate.o)
 .debug_info    0x000065ea      0x5b3 .\CortexM3\ARM_GCC_541\Debug\TaskComms_Buffer.a(ErikaOS_ee_evclear.o)
 .debug_info    0x00006b9d      0x4d6 .\CortexM3\ARM_GCC_541\Debug\TaskComms_Buffer.a(ErikaOS_ee_evget.o)
 .debug_info    0x00007073      0x7cf .\CortexM3\ARM_GCC_541\Debug\TaskComms_Buffer.a(ErikaOS_ee_evset.o)
 .debug_info    0x00007842      0x876 .\CortexM3\ARM_GCC_541\Debug\TaskComms_Buffer.a(ErikaOS_ee_evwait.o)
 .debug_info    0x000080b8      0x6a1 .\CortexM3\ARM_GCC_541\Debug\TaskComms_Buffer.a(ErikaOS_ee_irqendin.o)
 .debug_info    0x00008759      0x830 .\CortexM3\ARM_GCC_541\Debug\TaskComms_Buffer.a(ErikaOS_ee_lockres.o)
 .debug_info    0x00008f89      0x3dc .\CortexM3\ARM_GCC_541\Debug\TaskComms_Buffer.a(ErikaOS_ee_lookup.o)
 .debug_info    0x00009365      0x47b .\CortexM3\ARM_GCC_541\Debug\TaskComms_Buffer.a(ErikaOS_ee_rq_exchg.o)
 .debug_info    0x000097e0      0x42d .\CortexM3\ARM_GCC_541\Debug\TaskComms_Buffer.a(ErikaOS_ee_rq_first.o)
 .debug_info    0x00009c0d      0x481 .\CortexM3\ARM_GCC_541\Debug\TaskComms_Buffer.a(ErikaOS_ee_rq_inser.o)
 .debug_info    0x0000a08e     0x204c .\CortexM3\ARM_GCC_541\Debug\TaskComms_Buffer.a(ErikaOS_ee_startos.o)
 .debug_info    0x0000c0da      0x5b1 .\CortexM3\ARM_GCC_541\Debug\TaskComms_Buffer.a(ErikaOS_ee_terminat.o)
 .debug_info    0x0000c68b      0x505 .\CortexM3\ARM_GCC_541\Debug\TaskComms_Buffer.a(ErikaOS_ee_ulockallres.o)
 .debug_info    0x0000cb90      0x9d4 .\CortexM3\ARM_GCC_541\Debug\TaskComms_Buffer.a(ErikaOS_ee_ulockres.o)
 .debug_info    0x0000d564      0x51f .\CortexM3\ARM_GCC_541\Debug\TaskComms_Buffer.a(ErikaOS_cortex_mx_ee_utils.o)
 .debug_info    0x0000da83      0x3d7 .\CortexM3\ARM_GCC_541\Debug\TaskComms_Buffer.a(ErikaOS_common_ee_hal_structs.o)
 .debug_info    0x0000de5a      0xa53 .\CortexM3\ARM_GCC_541\Debug\TaskComms_Buffer.a(ErikaOS_eecfg.o)
 .debug_info    0x0000e8ad      0x283 .\CortexM3\ARM_GCC_541\Debug\TaskComms_Buffer.a(TFT_SPI_IntClock.o)
 .debug_info    0x0000eb30      0x283 .\CortexM3\ARM_GCC_541\Debug\TaskComms_Buffer.a(UART_LOG_IntClock.o)
 .debug_info    0x0000edb3     0x1374 .\CortexM3\ARM_GCC_541\Debug\TaskComms_Buffer.a(CyLib.o)
 .debug_info    0x00010127      0xa2a .\CortexM3\ARM_GCC_541\Debug\TaskComms_Buffer.a(cyPm.o)
 .debug_info    0x00010b51      0x2d2 .\CortexM3\ARM_GCC_541\Debug\TaskComms_Buffer.a(isr_uartRX.o)
 .debug_info    0x00010e23       0xcf .\CortexM3\ARM_GCC_541\Debug\TaskComms_Buffer.a(ErikaOS_ee_gnu_change_context_isr.o)
 .debug_info    0x00010ef2       0xc6 .\CortexM3\ARM_GCC_541\Debug\TaskComms_Buffer.a(ErikaOS_ee_gnu_irq_stack.o)
 .debug_info    0x00010fb8       0xca .\CortexM3\ARM_GCC_541\Debug\TaskComms_Buffer.a(ErikaOS_ee_gnu_multi_context.o)
 .debug_info    0x00011082       0xbf .\CortexM3\ARM_GCC_541\Debug\TaskComms_Buffer.a(ErikaOS_ee_gnu_oo.o)
 .debug_info    0x00011141       0xba .\CortexM3\ARM_GCC_541\Debug\TaskComms_Buffer.a(CyBootAsmGnu.o)
 .debug_info    0x000111fb      0x47f .\CortexM3\ARM_GCC_541\Debug\TaskComms_Buffer.a(ErikaOS_ee_tnterm.o)
 .debug_info    0x0001167a      0x493 .\CortexM3\ARM_GCC_541\Debug\TaskComms_Buffer.a(ErikaOS_ee_tstub.o)
 .debug_info    0x00011b0d      0x50d .\CortexM3\ARM_GCC_541\Debug\TaskComms_Buffer.a(ErikaOS_cortex_mx_ee_context.o)
 .debug_info    0x0001201a      0x64d .\CortexM3\ARM_GCC_541\Debug\TaskComms_Buffer.a(CyFlash.o)
 .debug_info    0x00012667      0x550 .\CortexM3\ARM_GCC_541\Debug\TaskComms_Buffer.a(CySpc.o)
 .debug_info    0x00012bb7      0x705 .\CortexM3\ARM_GCC_541\Debug\TaskComms_Buffer.a(ErikaOS_ee_thendin.o)

.debug_abbrev   0x00000000     0x4666
 *(.debug_abbrev)
 .debug_abbrev  0x00000000      0x2bf .\CortexM3\ARM_GCC_541\Debug\tft.o
 .debug_abbrev  0x000002bf      0x14a .\CortexM3\ARM_GCC_541\Debug\logging.o
 .debug_abbrev  0x00000409      0x116 .\CortexM3\ARM_GCC_541\Debug\ringbuffer.o
 .debug_abbrev  0x0000051f      0x2e7 .\CortexM3\ARM_GCC_541\Debug\main.o
 .debug_abbrev  0x00000806      0x228 .\CortexM3\ARM_GCC_541\Debug\comms.o
 .debug_abbrev  0x00000a2e      0x20d .\CortexM3\ARM_GCC_541\Debug\cyfitter_cfg.o
 .debug_abbrev  0x00000c3b       0x77 .\CortexM3\ARM_GCC_541\Debug\cymetadata.o
 .debug_abbrev  0x00000cb2      0x1e8 .\CortexM3\ARM_GCC_541\Debug\Cm3Start.o
 .debug_abbrev  0x00000e9a      0x146 .\CortexM3\ARM_GCC_541\Debug\TaskComms_Buffer.a(TFT_SPI.o)
 .debug_abbrev  0x00000fe0       0x90 .\CortexM3\ARM_GCC_541\Debug\TaskComms_Buffer.a(TFT_DC.o)
 .debug_abbrev  0x00001070       0x90 .\CortexM3\ARM_GCC_541\Debug\TaskComms_Buffer.a(TFT_RES.o)
 .debug_abbrev  0x00001100      0x12d .\CortexM3\ARM_GCC_541\Debug\TaskComms_Buffer.a(TFT_BackLight.o)
 .debug_abbrev  0x0000122d      0x175 .\CortexM3\ARM_GCC_541\Debug\TaskComms_Buffer.a(UART_LOG.o)
 .debug_abbrev  0x000013a2      0x284 .\CortexM3\ARM_GCC_541\Debug\TaskComms_Buffer.a(ErikaOS_ee_activate.o)
 .debug_abbrev  0x00001626      0x1e0 .\CortexM3\ARM_GCC_541\Debug\TaskComms_Buffer.a(ErikaOS_ee_evclear.o)
 .debug_abbrev  0x00001806      0x150 .\CortexM3\ARM_GCC_541\Debug\TaskComms_Buffer.a(ErikaOS_ee_evget.o)
 .debug_abbrev  0x00001956      0x27f .\CortexM3\ARM_GCC_541\Debug\TaskComms_Buffer.a(ErikaOS_ee_evset.o)
 .debug_abbrev  0x00001bd5      0x25d .\CortexM3\ARM_GCC_541\Debug\TaskComms_Buffer.a(ErikaOS_ee_evwait.o)
 .debug_abbrev  0x00001e32      0x201 .\CortexM3\ARM_GCC_541\Debug\TaskComms_Buffer.a(ErikaOS_ee_irqendin.o)
 .debug_abbrev  0x00002033      0x237 .\CortexM3\ARM_GCC_541\Debug\TaskComms_Buffer.a(ErikaOS_ee_lockres.o)
 .debug_abbrev  0x0000226a       0xcf .\CortexM3\ARM_GCC_541\Debug\TaskComms_Buffer.a(ErikaOS_ee_lookup.o)
 .debug_abbrev  0x00002339       0xfc .\CortexM3\ARM_GCC_541\Debug\TaskComms_Buffer.a(ErikaOS_ee_rq_exchg.o)
 .debug_abbrev  0x00002435       0xed .\CortexM3\ARM_GCC_541\Debug\TaskComms_Buffer.a(ErikaOS_ee_rq_first.o)
 .debug_abbrev  0x00002522      0x109 .\CortexM3\ARM_GCC_541\Debug\TaskComms_Buffer.a(ErikaOS_ee_rq_inser.o)
 .debug_abbrev  0x0000262b      0x4a7 .\CortexM3\ARM_GCC_541\Debug\TaskComms_Buffer.a(ErikaOS_ee_startos.o)
 .debug_abbrev  0x00002ad2      0x1de .\CortexM3\ARM_GCC_541\Debug\TaskComms_Buffer.a(ErikaOS_ee_terminat.o)
 .debug_abbrev  0x00002cb0      0x150 .\CortexM3\ARM_GCC_541\Debug\TaskComms_Buffer.a(ErikaOS_ee_ulockallres.o)
 .debug_abbrev  0x00002e00      0x2af .\CortexM3\ARM_GCC_541\Debug\TaskComms_Buffer.a(ErikaOS_ee_ulockres.o)
 .debug_abbrev  0x000030af      0x1e3 .\CortexM3\ARM_GCC_541\Debug\TaskComms_Buffer.a(ErikaOS_cortex_mx_ee_utils.o)
 .debug_abbrev  0x00003292       0xcf .\CortexM3\ARM_GCC_541\Debug\TaskComms_Buffer.a(ErikaOS_common_ee_hal_structs.o)
 .debug_abbrev  0x00003361      0x130 .\CortexM3\ARM_GCC_541\Debug\TaskComms_Buffer.a(ErikaOS_eecfg.o)
 .debug_abbrev  0x00003491      0x139 .\CortexM3\ARM_GCC_541\Debug\TaskComms_Buffer.a(TFT_SPI_IntClock.o)
 .debug_abbrev  0x000035ca      0x139 .\CortexM3\ARM_GCC_541\Debug\TaskComms_Buffer.a(UART_LOG_IntClock.o)
 .debug_abbrev  0x00003703      0x254 .\CortexM3\ARM_GCC_541\Debug\TaskComms_Buffer.a(CyLib.o)
 .debug_abbrev  0x00003957      0x1ab .\CortexM3\ARM_GCC_541\Debug\TaskComms_Buffer.a(cyPm.o)
 .debug_abbrev  0x00003b02      0x173 .\CortexM3\ARM_GCC_541\Debug\TaskComms_Buffer.a(isr_uartRX.o)
 .debug_abbrev  0x00003c75       0x14 .\CortexM3\ARM_GCC_541\Debug\TaskComms_Buffer.a(ErikaOS_ee_gnu_change_context_isr.o)
 .debug_abbrev  0x00003c89       0x14 .\CortexM3\ARM_GCC_541\Debug\TaskComms_Buffer.a(ErikaOS_ee_gnu_irq_stack.o)
 .debug_abbrev  0x00003c9d       0x14 .\CortexM3\ARM_GCC_541\Debug\TaskComms_Buffer.a(ErikaOS_ee_gnu_multi_context.o)
 .debug_abbrev  0x00003cb1       0x14 .\CortexM3\ARM_GCC_541\Debug\TaskComms_Buffer.a(ErikaOS_ee_gnu_oo.o)
 .debug_abbrev  0x00003cc5       0x14 .\CortexM3\ARM_GCC_541\Debug\TaskComms_Buffer.a(CyBootAsmGnu.o)
 .debug_abbrev  0x00003cd9      0x190 .\CortexM3\ARM_GCC_541\Debug\TaskComms_Buffer.a(ErikaOS_ee_tnterm.o)
 .debug_abbrev  0x00003e69      0x143 .\CortexM3\ARM_GCC_541\Debug\TaskComms_Buffer.a(ErikaOS_ee_tstub.o)
 .debug_abbrev  0x00003fac      0x156 .\CortexM3\ARM_GCC_541\Debug\TaskComms_Buffer.a(ErikaOS_cortex_mx_ee_context.o)
 .debug_abbrev  0x00004102      0x1a7 .\CortexM3\ARM_GCC_541\Debug\TaskComms_Buffer.a(CyFlash.o)
 .debug_abbrev  0x000042a9      0x194 .\CortexM3\ARM_GCC_541\Debug\TaskComms_Buffer.a(CySpc.o)
 .debug_abbrev  0x0000443d      0x229 .\CortexM3\ARM_GCC_541\Debug\TaskComms_Buffer.a(ErikaOS_ee_thendin.o)

.debug_line     0x00000000     0x5e8a
 *(.debug_line)
 .debug_line    0x00000000      0x8f6 .\CortexM3\ARM_GCC_541\Debug\tft.o
 .debug_line    0x000008f6      0x25d .\CortexM3\ARM_GCC_541\Debug\logging.o
 .debug_line    0x00000b53      0x2b4 .\CortexM3\ARM_GCC_541\Debug\ringbuffer.o
 .debug_line    0x00000e07      0x496 .\CortexM3\ARM_GCC_541\Debug\main.o
 .debug_line    0x0000129d      0x3a5 .\CortexM3\ARM_GCC_541\Debug\comms.o
 .debug_line    0x00001642      0x1f4 .\CortexM3\ARM_GCC_541\Debug\cyfitter_cfg.o
 .debug_line    0x00001836      0x13d .\CortexM3\ARM_GCC_541\Debug\cymetadata.o
 .debug_line    0x00001973      0x230 .\CortexM3\ARM_GCC_541\Debug\Cm3Start.o
 .debug_line    0x00001ba3      0x249 .\CortexM3\ARM_GCC_541\Debug\TaskComms_Buffer.a(TFT_SPI.o)
 .debug_line    0x00001dec       0x93 .\CortexM3\ARM_GCC_541\Debug\TaskComms_Buffer.a(TFT_DC.o)
 .debug_line    0x00001e7f       0x94 .\CortexM3\ARM_GCC_541\Debug\TaskComms_Buffer.a(TFT_RES.o)
 .debug_line    0x00001f13      0x13b .\CortexM3\ARM_GCC_541\Debug\TaskComms_Buffer.a(TFT_BackLight.o)
 .debug_line    0x0000204e      0x2c4 .\CortexM3\ARM_GCC_541\Debug\TaskComms_Buffer.a(UART_LOG.o)
 .debug_line    0x00002312      0x1e6 .\CortexM3\ARM_GCC_541\Debug\TaskComms_Buffer.a(ErikaOS_ee_activate.o)
 .debug_line    0x000024f8      0x1c1 .\CortexM3\ARM_GCC_541\Debug\TaskComms_Buffer.a(ErikaOS_ee_evclear.o)
 .debug_line    0x000026b9      0x14b .\CortexM3\ARM_GCC_541\Debug\TaskComms_Buffer.a(ErikaOS_ee_evget.o)
 .debug_line    0x00002804      0x1e3 .\CortexM3\ARM_GCC_541\Debug\TaskComms_Buffer.a(ErikaOS_ee_evset.o)
 .debug_line    0x000029e7      0x1f1 .\CortexM3\ARM_GCC_541\Debug\TaskComms_Buffer.a(ErikaOS_ee_evwait.o)
 .debug_line    0x00002bd8      0x1d2 .\CortexM3\ARM_GCC_541\Debug\TaskComms_Buffer.a(ErikaOS_ee_irqendin.o)
 .debug_line    0x00002daa      0x208 .\CortexM3\ARM_GCC_541\Debug\TaskComms_Buffer.a(ErikaOS_ee_lockres.o)
 .debug_line    0x00002fb2      0x129 .\CortexM3\ARM_GCC_541\Debug\TaskComms_Buffer.a(ErikaOS_ee_lookup.o)
 .debug_line    0x000030db      0x14b .\CortexM3\ARM_GCC_541\Debug\TaskComms_Buffer.a(ErikaOS_ee_rq_exchg.o)
 .debug_line    0x00003226      0x142 .\CortexM3\ARM_GCC_541\Debug\TaskComms_Buffer.a(ErikaOS_ee_rq_first.o)
 .debug_line    0x00003368      0x146 .\CortexM3\ARM_GCC_541\Debug\TaskComms_Buffer.a(ErikaOS_ee_rq_inser.o)
 .debug_line    0x000034ae      0x3e1 .\CortexM3\ARM_GCC_541\Debug\TaskComms_Buffer.a(ErikaOS_ee_startos.o)
 .debug_line    0x0000388f      0x1b0 .\CortexM3\ARM_GCC_541\Debug\TaskComms_Buffer.a(ErikaOS_ee_terminat.o)
 .debug_line    0x00003a3f      0x183 .\CortexM3\ARM_GCC_541\Debug\TaskComms_Buffer.a(ErikaOS_ee_ulockallres.o)
 .debug_line    0x00003bc2      0x237 .\CortexM3\ARM_GCC_541\Debug\TaskComms_Buffer.a(ErikaOS_ee_ulockres.o)
 .debug_line    0x00003df9      0x173 .\CortexM3\ARM_GCC_541\Debug\TaskComms_Buffer.a(ErikaOS_cortex_mx_ee_utils.o)
 .debug_line    0x00003f6c       0xed .\CortexM3\ARM_GCC_541\Debug\TaskComms_Buffer.a(ErikaOS_common_ee_hal_structs.o)
 .debug_line    0x00004059      0x12c .\CortexM3\ARM_GCC_541\Debug\TaskComms_Buffer.a(ErikaOS_eecfg.o)
 .debug_line    0x00004185      0x17f .\CortexM3\ARM_GCC_541\Debug\TaskComms_Buffer.a(TFT_SPI_IntClock.o)
 .debug_line    0x00004304      0x180 .\CortexM3\ARM_GCC_541\Debug\TaskComms_Buffer.a(UART_LOG_IntClock.o)
 .debug_line    0x00004484      0x816 .\CortexM3\ARM_GCC_541\Debug\TaskComms_Buffer.a(CyLib.o)
 .debug_line    0x00004c9a      0x367 .\CortexM3\ARM_GCC_541\Debug\TaskComms_Buffer.a(cyPm.o)
 .debug_line    0x00005001      0x137 .\CortexM3\ARM_GCC_541\Debug\TaskComms_Buffer.a(isr_uartRX.o)
 .debug_line    0x00005138       0xac .\CortexM3\ARM_GCC_541\Debug\TaskComms_Buffer.a(ErikaOS_ee_gnu_change_context_isr.o)
 .debug_line    0x000051e4       0x72 .\CortexM3\ARM_GCC_541\Debug\TaskComms_Buffer.a(ErikaOS_ee_gnu_irq_stack.o)
 .debug_line    0x00005256       0x9b .\CortexM3\ARM_GCC_541\Debug\TaskComms_Buffer.a(ErikaOS_ee_gnu_multi_context.o)
 .debug_line    0x000052f1       0x97 .\CortexM3\ARM_GCC_541\Debug\TaskComms_Buffer.a(ErikaOS_ee_gnu_oo.o)
 .debug_line    0x00005388       0x66 .\CortexM3\ARM_GCC_541\Debug\TaskComms_Buffer.a(CyBootAsmGnu.o)
 .debug_line    0x000053ee      0x171 .\CortexM3\ARM_GCC_541\Debug\TaskComms_Buffer.a(ErikaOS_ee_tnterm.o)
 .debug_line    0x0000555f      0x160 .\CortexM3\ARM_GCC_541\Debug\TaskComms_Buffer.a(ErikaOS_ee_tstub.o)
 .debug_line    0x000056bf      0x19a .\CortexM3\ARM_GCC_541\Debug\TaskComms_Buffer.a(ErikaOS_cortex_mx_ee_context.o)
 .debug_line    0x00005859      0x21a .\CortexM3\ARM_GCC_541\Debug\TaskComms_Buffer.a(CyFlash.o)
 .debug_line    0x00005a73      0x260 .\CortexM3\ARM_GCC_541\Debug\TaskComms_Buffer.a(CySpc.o)
 .debug_line    0x00005cd3      0x1b7 .\CortexM3\ARM_GCC_541\Debug\TaskComms_Buffer.a(ErikaOS_ee_thendin.o)

.debug_frame    0x00000000     0x2494
 *(.debug_frame)
 .debug_frame   0x00000000      0x5e0 .\CortexM3\ARM_GCC_541\Debug\tft.o
 .debug_frame   0x000005e0       0x48 .\CortexM3\ARM_GCC_541\Debug\logging.o
 .debug_frame   0x00000628       0x6c .\CortexM3\ARM_GCC_541\Debug\ringbuffer.o
 .debug_frame   0x00000694      0x104 .\CortexM3\ARM_GCC_541\Debug\main.o
 .debug_frame   0x00000798      0x170 .\CortexM3\ARM_GCC_541\Debug\comms.o
 .debug_frame   0x00000908       0xe4 .\CortexM3\ARM_GCC_541\Debug\cyfitter_cfg.o
 .debug_frame   0x000009ec       0xb8 .\CortexM3\ARM_GCC_541\Debug\Cm3Start.o
 .debug_frame   0x00000aa4      0x1e8 .\CortexM3\ARM_GCC_541\Debug\TaskComms_Buffer.a(TFT_SPI.o)
 .debug_frame   0x00000c8c       0x50 .\CortexM3\ARM_GCC_541\Debug\TaskComms_Buffer.a(TFT_DC.o)
 .debug_frame   0x00000cdc       0x50 .\CortexM3\ARM_GCC_541\Debug\TaskComms_Buffer.a(TFT_RES.o)
 .debug_frame   0x00000d2c       0xe8 .\CortexM3\ARM_GCC_541\Debug\TaskComms_Buffer.a(TFT_BackLight.o)
 .debug_frame   0x00000e14      0x250 .\CortexM3\ARM_GCC_541\Debug\TaskComms_Buffer.a(UART_LOG.o)
 .debug_frame   0x00001064       0x30 .\CortexM3\ARM_GCC_541\Debug\TaskComms_Buffer.a(ErikaOS_ee_activate.o)
 .debug_frame   0x00001094       0x38 .\CortexM3\ARM_GCC_541\Debug\TaskComms_Buffer.a(ErikaOS_ee_evclear.o)
 .debug_frame   0x000010cc       0x20 .\CortexM3\ARM_GCC_541\Debug\TaskComms_Buffer.a(ErikaOS_ee_evget.o)
 .debug_frame   0x000010ec       0x30 .\CortexM3\ARM_GCC_541\Debug\TaskComms_Buffer.a(ErikaOS_ee_evset.o)
 .debug_frame   0x0000111c       0x30 .\CortexM3\ARM_GCC_541\Debug\TaskComms_Buffer.a(ErikaOS_ee_evwait.o)
 .debug_frame   0x0000114c       0x90 .\CortexM3\ARM_GCC_541\Debug\TaskComms_Buffer.a(ErikaOS_ee_irqendin.o)
 .debug_frame   0x000011dc       0x30 .\CortexM3\ARM_GCC_541\Debug\TaskComms_Buffer.a(ErikaOS_ee_lockres.o)
 .debug_frame   0x0000120c       0x3c .\CortexM3\ARM_GCC_541\Debug\TaskComms_Buffer.a(ErikaOS_ee_rq_exchg.o)
 .debug_frame   0x00001248       0x20 .\CortexM3\ARM_GCC_541\Debug\TaskComms_Buffer.a(ErikaOS_ee_rq_first.o)
 .debug_frame   0x00001268       0x30 .\CortexM3\ARM_GCC_541\Debug\TaskComms_Buffer.a(ErikaOS_ee_rq_inser.o)
 .debug_frame   0x00001298       0x90 .\CortexM3\ARM_GCC_541\Debug\TaskComms_Buffer.a(ErikaOS_ee_startos.o)
 .debug_frame   0x00001328       0x2c .\CortexM3\ARM_GCC_541\Debug\TaskComms_Buffer.a(ErikaOS_ee_terminat.o)
 .debug_frame   0x00001354       0x2c .\CortexM3\ARM_GCC_541\Debug\TaskComms_Buffer.a(ErikaOS_ee_ulockallres.o)
 .debug_frame   0x00001380       0x30 .\CortexM3\ARM_GCC_541\Debug\TaskComms_Buffer.a(ErikaOS_ee_ulockres.o)
 .debug_frame   0x000013b0       0x30 .\CortexM3\ARM_GCC_541\Debug\TaskComms_Buffer.a(ErikaOS_cortex_mx_ee_utils.o)
 .debug_frame   0x000013e0       0xe0 .\CortexM3\ARM_GCC_541\Debug\TaskComms_Buffer.a(TFT_SPI_IntClock.o)
 .debug_frame   0x000014c0       0xe0 .\CortexM3\ARM_GCC_541\Debug\TaskComms_Buffer.a(UART_LOG_IntClock.o)
 .debug_frame   0x000015a0      0x738 .\CortexM3\ARM_GCC_541\Debug\TaskComms_Buffer.a(CyLib.o)
 .debug_frame   0x00001cd8      0x1f8 .\CortexM3\ARM_GCC_541\Debug\TaskComms_Buffer.a(cyPm.o)
 .debug_frame   0x00001ed0      0x104 .\CortexM3\ARM_GCC_541\Debug\TaskComms_Buffer.a(isr_uartRX.o)
 .debug_frame   0x00001fd4       0x2c .\CortexM3\ARM_GCC_541\Debug\TaskComms_Buffer.a(ErikaOS_ee_tnterm.o)
 .debug_frame   0x00002000       0x2c .\CortexM3\ARM_GCC_541\Debug\TaskComms_Buffer.a(ErikaOS_ee_tstub.o)
 .debug_frame   0x0000202c       0x3c .\CortexM3\ARM_GCC_541\Debug\TaskComms_Buffer.a(ErikaOS_cortex_mx_ee_context.o)
 .debug_frame   0x00002068      0x194 .\CortexM3\ARM_GCC_541\Debug\TaskComms_Buffer.a(CyFlash.o)
 .debug_frame   0x000021fc      0x180 .\CortexM3\ARM_GCC_541\Debug\TaskComms_Buffer.a(CySpc.o)
 .debug_frame   0x0000237c       0x5c .\CortexM3\ARM_GCC_541\Debug\TaskComms_Buffer.a(ErikaOS_ee_thendin.o)
 .debug_frame   0x000023d8       0x20 c:/h_da softwares & projects/psoc creator/4.4/psoc creator/import/gnu/arm/5.4.1/bin/../lib/gcc/arm-none-eabi/5.4.1/../../../../arm-none-eabi/lib/armv7-m\libg_nano.a(lib_a-errno.o)
 .debug_frame   0x000023f8       0x28 c:/h_da softwares & projects/psoc creator/4.4/psoc creator/import/gnu/arm/5.4.1/bin/../lib/gcc/arm-none-eabi/5.4.1/../../../../arm-none-eabi/lib/armv7-m\libg_nano.a(lib_a-exit.o)
 .debug_frame   0x00002420       0x2c c:/h_da softwares & projects/psoc creator/4.4/psoc creator/import/gnu/arm/5.4.1/bin/../lib/gcc/arm-none-eabi/5.4.1/../../../../arm-none-eabi/lib/armv7-m\libg_nano.a(lib_a-init.o)
 .debug_frame   0x0000244c       0x28 c:/h_da softwares & projects/psoc creator/4.4/psoc creator/import/gnu/arm/5.4.1/bin/../lib/gcc/arm-none-eabi/5.4.1/../../../../arm-none-eabi/lib/armv7-m\libg_nano.a(lib_a-memcpy-stub.o)
 .debug_frame   0x00002474       0x20 c:/h_da softwares & projects/psoc creator/4.4/psoc creator/import/gnu/arm/5.4.1/bin/../lib/gcc/arm-none-eabi/5.4.1/../../../../arm-none-eabi/lib/armv7-m\libg_nano.a(lib_a-memset.o)

.debug_str      0x00000000     0x46a5
 *(.debug_str)
 .debug_str     0x00000000      0xc6e .\CortexM3\ARM_GCC_541\Debug\tft.o
                                0xd58 (size before relaxing)
 .debug_str     0x00000c6e       0x56 .\CortexM3\ARM_GCC_541\Debug\logging.o
                                0x509 (size before relaxing)
 .debug_str     0x00000cc4       0xb7 .\CortexM3\ARM_GCC_541\Debug\ringbuffer.o
                                0x51a (size before relaxing)
 .debug_str     0x00000d7b      0x438 .\CortexM3\ARM_GCC_541\Debug\main.o
                                0x932 (size before relaxing)
 .debug_str     0x000011b3       0x66 .\CortexM3\ARM_GCC_541\Debug\comms.o
                                0x652 (size before relaxing)
 .debug_str     0x00001219      0x1a2 .\CortexM3\ARM_GCC_541\Debug\cyfitter_cfg.o
                                0x36e (size before relaxing)
 .debug_str     0x000013bb       0x75 .\CortexM3\ARM_GCC_541\Debug\cymetadata.o
                                0x20e (size before relaxing)
 .debug_str     0x00001430      0x13f .\CortexM3\ARM_GCC_541\Debug\Cm3Start.o
                                0x334 (size before relaxing)
 .debug_str     0x0000156f      0x2b2 .\CortexM3\ARM_GCC_541\Debug\TaskComms_Buffer.a(TFT_SPI.o)
                                0x490 (size before relaxing)
 .debug_str     0x00001821       0x63 .\CortexM3\ARM_GCC_541\Debug\TaskComms_Buffer.a(TFT_DC.o)
                                0x211 (size before relaxing)
 .debug_str     0x00001884       0x57 .\CortexM3\ARM_GCC_541\Debug\TaskComms_Buffer.a(TFT_RES.o)
                                0x216 (size before relaxing)
 .debug_str     0x000018db      0x15a .\CortexM3\ARM_GCC_541\Debug\TaskComms_Buffer.a(TFT_BackLight.o)
                                0x367 (size before relaxing)
 .debug_str     0x00001a35      0x2b6 .\CortexM3\ARM_GCC_541\Debug\TaskComms_Buffer.a(UART_LOG.o)
                                0x51b (size before relaxing)
 .debug_str     0x00001ceb      0x5ce .\CortexM3\ARM_GCC_541\Debug\TaskComms_Buffer.a(ErikaOS_ee_activate.o)
                                0x83d (size before relaxing)
 .debug_str     0x000022b9       0x3e .\CortexM3\ARM_GCC_541\Debug\TaskComms_Buffer.a(ErikaOS_ee_evclear.o)
                                0x615 (size before relaxing)
 .debug_str     0x000022f7       0x5b .\CortexM3\ARM_GCC_541\Debug\TaskComms_Buffer.a(ErikaOS_ee_evget.o)
                                0x585 (size before relaxing)
 .debug_str     0x00002352       0x3f .\CortexM3\ARM_GCC_541\Debug\TaskComms_Buffer.a(ErikaOS_ee_evset.o)
                                0x815 (size before relaxing)
 .debug_str     0x00002391       0xa1 .\CortexM3\ARM_GCC_541\Debug\TaskComms_Buffer.a(ErikaOS_ee_evwait.o)
                                0x86d (size before relaxing)
 .debug_str     0x00002432      0x133 .\CortexM3\ARM_GCC_541\Debug\TaskComms_Buffer.a(ErikaOS_ee_irqendin.o)
                                0x77a (size before relaxing)
 .debug_str     0x00002565      0x135 .\CortexM3\ARM_GCC_541\Debug\TaskComms_Buffer.a(ErikaOS_ee_lockres.o)
                                0x779 (size before relaxing)
 .debug_str     0x0000269a       0x2b .\CortexM3\ARM_GCC_541\Debug\TaskComms_Buffer.a(ErikaOS_ee_lookup.o)
                                0x4c1 (size before relaxing)
 .debug_str     0x000026c5       0x85 .\CortexM3\ARM_GCC_541\Debug\TaskComms_Buffer.a(ErikaOS_ee_rq_exchg.o)
                                0x533 (size before relaxing)
 .debug_str     0x0000274a       0x2d .\CortexM3\ARM_GCC_541\Debug\TaskComms_Buffer.a(ErikaOS_ee_rq_first.o)
                                0x4fe (size before relaxing)
 .debug_str     0x00002777       0x38 .\CortexM3\ARM_GCC_541\Debug\TaskComms_Buffer.a(ErikaOS_ee_rq_inser.o)
                                0x538 (size before relaxing)
 .debug_str     0x000027af      0xebf .\CortexM3\ARM_GCC_541\Debug\TaskComms_Buffer.a(ErikaOS_ee_startos.o)
                               0x1764 (size before relaxing)
 .debug_str     0x0000366e       0x5b .\CortexM3\ARM_GCC_541\Debug\TaskComms_Buffer.a(ErikaOS_ee_terminat.o)
                                0x636 (size before relaxing)
 .debug_str     0x000036c9       0x4b .\CortexM3\ARM_GCC_541\Debug\TaskComms_Buffer.a(ErikaOS_ee_ulockallres.o)
                                0x596 (size before relaxing)
 .debug_str     0x00003714       0x57 .\CortexM3\ARM_GCC_541\Debug\TaskComms_Buffer.a(ErikaOS_ee_ulockres.o)
                                0x943 (size before relaxing)
 .debug_str     0x0000376b       0x80 .\CortexM3\ARM_GCC_541\Debug\TaskComms_Buffer.a(ErikaOS_cortex_mx_ee_utils.o)
                                0x590 (size before relaxing)
 .debug_str     0x000037eb       0x37 .\CortexM3\ARM_GCC_541\Debug\TaskComms_Buffer.a(ErikaOS_common_ee_hal_structs.o)
                                0x4cd (size before relaxing)
 .debug_str     0x00003822      0x2f1 .\CortexM3\ARM_GCC_541\Debug\TaskComms_Buffer.a(ErikaOS_eecfg.o)
                                0x913 (size before relaxing)
 .debug_str     0x00003b13      0x1a1 .\CortexM3\ARM_GCC_541\Debug\TaskComms_Buffer.a(TFT_SPI_IntClock.o)
                                0x384 (size before relaxing)
 .debug_str     0x00003cb4      0x160 .\CortexM3\ARM_GCC_541\Debug\TaskComms_Buffer.a(UART_LOG_IntClock.o)
                                0x390 (size before relaxing)
 .debug_str     0x00003e14      0x243 .\CortexM3\ARM_GCC_541\Debug\TaskComms_Buffer.a(CyLib.o)
                                0xa71 (size before relaxing)
 .debug_str     0x00004057      0x2dc .\CortexM3\ARM_GCC_541\Debug\TaskComms_Buffer.a(cyPm.o)
                                0x75d (size before relaxing)
 .debug_str     0x00004333      0x114 .\CortexM3\ARM_GCC_541\Debug\TaskComms_Buffer.a(isr_uartRX.o)
                                0x316 (size before relaxing)
 .debug_str     0x00004447       0x56 .\CortexM3\ARM_GCC_541\Debug\TaskComms_Buffer.a(ErikaOS_ee_tnterm.o)
                                0x550 (size before relaxing)
 .debug_str     0x0000449d       0x55 .\CortexM3\ARM_GCC_541\Debug\TaskComms_Buffer.a(ErikaOS_ee_tstub.o)
                                0x60b (size before relaxing)
 .debug_str     0x000044f2       0x8a .\CortexM3\ARM_GCC_541\Debug\TaskComms_Buffer.a(ErikaOS_cortex_mx_ee_context.o)
                                0x5c2 (size before relaxing)
 .debug_str     0x0000457c       0x65 .\CortexM3\ARM_GCC_541\Debug\TaskComms_Buffer.a(CyFlash.o)
                                0x3ea (size before relaxing)
 .debug_str     0x000045e1       0x64 .\CortexM3\ARM_GCC_541\Debug\TaskComms_Buffer.a(CySpc.o)
                                0x362 (size before relaxing)
 .debug_str     0x00004645       0x60 .\CortexM3\ARM_GCC_541\Debug\TaskComms_Buffer.a(ErikaOS_ee_thendin.o)
                                0x788 (size before relaxing)

.debug_loc      0x00000000     0x5035
 *(.debug_loc)
 .debug_loc     0x00000000     0x19ce .\CortexM3\ARM_GCC_541\Debug\tft.o
 .debug_loc     0x000019ce       0x4d .\CortexM3\ARM_GCC_541\Debug\logging.o
 .debug_loc     0x00001a1b      0x1ac .\CortexM3\ARM_GCC_541\Debug\ringbuffer.o
 .debug_loc     0x00001bc7      0x13b .\CortexM3\ARM_GCC_541\Debug\main.o
 .debug_loc     0x00001d02      0x3d7 .\CortexM3\ARM_GCC_541\Debug\comms.o
 .debug_loc     0x000020d9      0x289 .\CortexM3\ARM_GCC_541\Debug\cyfitter_cfg.o
 .debug_loc     0x00002362      0x144 .\CortexM3\ARM_GCC_541\Debug\Cm3Start.o
 .debug_loc     0x000024a6       0xfe .\CortexM3\ARM_GCC_541\Debug\TaskComms_Buffer.a(TFT_SPI.o)
 .debug_loc     0x000025a4       0x42 .\CortexM3\ARM_GCC_541\Debug\TaskComms_Buffer.a(TFT_DC.o)
 .debug_loc     0x000025e6       0x42 .\CortexM3\ARM_GCC_541\Debug\TaskComms_Buffer.a(TFT_RES.o)
 .debug_loc     0x00002628       0x13 .\CortexM3\ARM_GCC_541\Debug\TaskComms_Buffer.a(TFT_BackLight.o)
 .debug_loc     0x0000263b      0x258 .\CortexM3\ARM_GCC_541\Debug\TaskComms_Buffer.a(UART_LOG.o)
 .debug_loc     0x00002893      0x12d .\CortexM3\ARM_GCC_541\Debug\TaskComms_Buffer.a(ErikaOS_ee_activate.o)
 .debug_loc     0x000029c0       0xbc .\CortexM3\ARM_GCC_541\Debug\TaskComms_Buffer.a(ErikaOS_ee_evclear.o)
 .debug_loc     0x00002a7c       0xa4 .\CortexM3\ARM_GCC_541\Debug\TaskComms_Buffer.a(ErikaOS_ee_evget.o)
 .debug_loc     0x00002b20      0x16b .\CortexM3\ARM_GCC_541\Debug\TaskComms_Buffer.a(ErikaOS_ee_evset.o)
 .debug_loc     0x00002c8b      0x158 .\CortexM3\ARM_GCC_541\Debug\TaskComms_Buffer.a(ErikaOS_ee_evwait.o)
 .debug_loc     0x00002de3       0x82 .\CortexM3\ARM_GCC_541\Debug\TaskComms_Buffer.a(ErikaOS_ee_irqendin.o)
 .debug_loc     0x00002e65      0x17e .\CortexM3\ARM_GCC_541\Debug\TaskComms_Buffer.a(ErikaOS_ee_lockres.o)
 .debug_loc     0x00002fe3       0x4a .\CortexM3\ARM_GCC_541\Debug\TaskComms_Buffer.a(ErikaOS_ee_rq_exchg.o)
 .debug_loc     0x0000302d       0x36 .\CortexM3\ARM_GCC_541\Debug\TaskComms_Buffer.a(ErikaOS_ee_rq_first.o)
 .debug_loc     0x00003063       0x1e .\CortexM3\ARM_GCC_541\Debug\TaskComms_Buffer.a(ErikaOS_ee_rq_inser.o)
 .debug_loc     0x00003081      0x1d8 .\CortexM3\ARM_GCC_541\Debug\TaskComms_Buffer.a(ErikaOS_ee_startos.o)
 .debug_loc     0x00003259       0x50 .\CortexM3\ARM_GCC_541\Debug\TaskComms_Buffer.a(ErikaOS_ee_terminat.o)
 .debug_loc     0x000032a9       0x88 .\CortexM3\ARM_GCC_541\Debug\TaskComms_Buffer.a(ErikaOS_ee_ulockallres.o)
 .debug_loc     0x00003331      0x1f9 .\CortexM3\ARM_GCC_541\Debug\TaskComms_Buffer.a(ErikaOS_ee_ulockres.o)
 .debug_loc     0x0000352a       0x13 .\CortexM3\ARM_GCC_541\Debug\TaskComms_Buffer.a(ErikaOS_cortex_mx_ee_utils.o)
 .debug_loc     0x0000353d      0x12c .\CortexM3\ARM_GCC_541\Debug\TaskComms_Buffer.a(TFT_SPI_IntClock.o)
 .debug_loc     0x00003669      0x128 .\CortexM3\ARM_GCC_541\Debug\TaskComms_Buffer.a(UART_LOG_IntClock.o)
 .debug_loc     0x00003791      0xa11 .\CortexM3\ARM_GCC_541\Debug\TaskComms_Buffer.a(CyLib.o)
 .debug_loc     0x000041a2      0x1e4 .\CortexM3\ARM_GCC_541\Debug\TaskComms_Buffer.a(cyPm.o)
 .debug_loc     0x00004386       0x56 .\CortexM3\ARM_GCC_541\Debug\TaskComms_Buffer.a(isr_uartRX.o)
 .debug_loc     0x000043dc       0xc5 .\CortexM3\ARM_GCC_541\Debug\TaskComms_Buffer.a(ErikaOS_cortex_mx_ee_context.o)
 .debug_loc     0x000044a1      0x3b2 .\CortexM3\ARM_GCC_541\Debug\TaskComms_Buffer.a(CyFlash.o)
 .debug_loc     0x00004853      0x705 .\CortexM3\ARM_GCC_541\Debug\TaskComms_Buffer.a(CySpc.o)
 .debug_loc     0x00004f58       0xdd .\CortexM3\ARM_GCC_541\Debug\TaskComms_Buffer.a(ErikaOS_ee_thendin.o)

.debug_macinfo
 *(.debug_macinfo)

.debug_ranges   0x00000000      0xcd0
 *(.debug_ranges)
 .debug_ranges  0x00000000      0x170 .\CortexM3\ARM_GCC_541\Debug\tft.o
 .debug_ranges  0x00000170       0x18 .\CortexM3\ARM_GCC_541\Debug\logging.o
 .debug_ranges  0x00000188       0x48 .\CortexM3\ARM_GCC_541\Debug\ringbuffer.o
 .debug_ranges  0x000001d0       0x60 .\CortexM3\ARM_GCC_541\Debug\main.o
 .debug_ranges  0x00000230       0x60 .\CortexM3\ARM_GCC_541\Debug\comms.o
 .debug_ranges  0x00000290       0x48 .\CortexM3\ARM_GCC_541\Debug\cyfitter_cfg.o
 .debug_ranges  0x000002d8       0x38 .\CortexM3\ARM_GCC_541\Debug\Cm3Start.o
 .debug_ranges  0x00000310       0xc8 .\CortexM3\ARM_GCC_541\Debug\TaskComms_Buffer.a(TFT_SPI.o)
 .debug_ranges  0x000003d8       0x28 .\CortexM3\ARM_GCC_541\Debug\TaskComms_Buffer.a(TFT_DC.o)
 .debug_ranges  0x00000400       0x28 .\CortexM3\ARM_GCC_541\Debug\TaskComms_Buffer.a(TFT_RES.o)
 .debug_ranges  0x00000428       0x68 .\CortexM3\ARM_GCC_541\Debug\TaskComms_Buffer.a(TFT_BackLight.o)
 .debug_ranges  0x00000490       0xe0 .\CortexM3\ARM_GCC_541\Debug\TaskComms_Buffer.a(UART_LOG.o)
 .debug_ranges  0x00000570       0x40 .\CortexM3\ARM_GCC_541\Debug\TaskComms_Buffer.a(ErikaOS_ee_activate.o)
 .debug_ranges  0x000005b0       0x28 .\CortexM3\ARM_GCC_541\Debug\TaskComms_Buffer.a(ErikaOS_ee_evclear.o)
 .debug_ranges  0x000005d8       0x10 .\CortexM3\ARM_GCC_541\Debug\TaskComms_Buffer.a(ErikaOS_ee_evget.o)
 .debug_ranges  0x000005e8       0x40 .\CortexM3\ARM_GCC_541\Debug\TaskComms_Buffer.a(ErikaOS_ee_evset.o)
 .debug_ranges  0x00000628       0x10 .\CortexM3\ARM_GCC_541\Debug\TaskComms_Buffer.a(ErikaOS_ee_evwait.o)
 .debug_ranges  0x00000638       0x30 .\CortexM3\ARM_GCC_541\Debug\TaskComms_Buffer.a(ErikaOS_ee_irqendin.o)
 .debug_ranges  0x00000668       0x10 .\CortexM3\ARM_GCC_541\Debug\TaskComms_Buffer.a(ErikaOS_ee_lockres.o)
 .debug_ranges  0x00000678       0x10 .\CortexM3\ARM_GCC_541\Debug\TaskComms_Buffer.a(ErikaOS_ee_rq_exchg.o)
 .debug_ranges  0x00000688       0x10 .\CortexM3\ARM_GCC_541\Debug\TaskComms_Buffer.a(ErikaOS_ee_rq_first.o)
 .debug_ranges  0x00000698       0x10 .\CortexM3\ARM_GCC_541\Debug\TaskComms_Buffer.a(ErikaOS_ee_rq_inser.o)
 .debug_ranges  0x000006a8       0x30 .\CortexM3\ARM_GCC_541\Debug\TaskComms_Buffer.a(ErikaOS_ee_startos.o)
 .debug_ranges  0x000006d8       0x10 .\CortexM3\ARM_GCC_541\Debug\TaskComms_Buffer.a(ErikaOS_ee_terminat.o)
 .debug_ranges  0x000006e8       0x10 .\CortexM3\ARM_GCC_541\Debug\TaskComms_Buffer.a(ErikaOS_ee_ulockallres.o)
 .debug_ranges  0x000006f8       0x40 .\CortexM3\ARM_GCC_541\Debug\TaskComms_Buffer.a(ErikaOS_ee_ulockres.o)
 .debug_ranges  0x00000738       0x10 .\CortexM3\ARM_GCC_541\Debug\TaskComms_Buffer.a(ErikaOS_cortex_mx_ee_utils.o)
 .debug_ranges  0x00000748       0x60 .\CortexM3\ARM_GCC_541\Debug\TaskComms_Buffer.a(TFT_SPI_IntClock.o)
 .debug_ranges  0x000007a8       0x60 .\CortexM3\ARM_GCC_541\Debug\TaskComms_Buffer.a(UART_LOG_IntClock.o)
 .debug_ranges  0x00000808      0x290 .\CortexM3\ARM_GCC_541\Debug\TaskComms_Buffer.a(CyLib.o)
 .debug_ranges  0x00000a98       0x88 .\CortexM3\ARM_GCC_541\Debug\TaskComms_Buffer.a(cyPm.o)
 .debug_ranges  0x00000b20       0x70 .\CortexM3\ARM_GCC_541\Debug\TaskComms_Buffer.a(isr_uartRX.o)
 .debug_ranges  0x00000b90       0x10 .\CortexM3\ARM_GCC_541\Debug\TaskComms_Buffer.a(ErikaOS_ee_tnterm.o)
 .debug_ranges  0x00000ba0       0x10 .\CortexM3\ARM_GCC_541\Debug\TaskComms_Buffer.a(ErikaOS_ee_tstub.o)
 .debug_ranges  0x00000bb0       0x18 .\CortexM3\ARM_GCC_541\Debug\TaskComms_Buffer.a(ErikaOS_cortex_mx_ee_context.o)
 .debug_ranges  0x00000bc8       0x78 .\CortexM3\ARM_GCC_541\Debug\TaskComms_Buffer.a(CyFlash.o)
 .debug_ranges  0x00000c40       0x70 .\CortexM3\ARM_GCC_541\Debug\TaskComms_Buffer.a(CySpc.o)
 .debug_ranges  0x00000cb0       0x20 .\CortexM3\ARM_GCC_541\Debug\TaskComms_Buffer.a(ErikaOS_ee_thendin.o)

.comment        0x00000000       0x6e
 .comment       0x00000000       0x6e .\CortexM3\ARM_GCC_541\Debug\tft.o
                                 0x6f (size before relaxing)
 .comment       0x0000006e       0x6f .\CortexM3\ARM_GCC_541\Debug\logging.o
 .comment       0x0000006e       0x6f .\CortexM3\ARM_GCC_541\Debug\ringbuffer.o
 .comment       0x0000006e       0x6f .\CortexM3\ARM_GCC_541\Debug\main.o
 .comment       0x0000006e       0x6f .\CortexM3\ARM_GCC_541\Debug\comms.o
 .comment       0x0000006e       0x6f .\CortexM3\ARM_GCC_541\Debug\cyfitter_cfg.o
 .comment       0x0000006e       0x6f .\CortexM3\ARM_GCC_541\Debug\cymetadata.o
 .comment       0x0000006e       0x6f .\CortexM3\ARM_GCC_541\Debug\Cm3Start.o
 .comment       0x0000006e       0x6f .\CortexM3\ARM_GCC_541\Debug\TaskComms_Buffer.a(TFT_SPI.o)
 .comment       0x0000006e       0x6f .\CortexM3\ARM_GCC_541\Debug\TaskComms_Buffer.a(TFT_DC.o)
 .comment       0x0000006e       0x6f .\CortexM3\ARM_GCC_541\Debug\TaskComms_Buffer.a(TFT_RES.o)
 .comment       0x0000006e       0x6f .\CortexM3\ARM_GCC_541\Debug\TaskComms_Buffer.a(TFT_BackLight.o)
 .comment       0x0000006e       0x6f .\CortexM3\ARM_GCC_541\Debug\TaskComms_Buffer.a(UART_LOG.o)
 .comment       0x0000006e       0x6f .\CortexM3\ARM_GCC_541\Debug\TaskComms_Buffer.a(ErikaOS_ee_activate.o)
 .comment       0x0000006e       0x6f .\CortexM3\ARM_GCC_541\Debug\TaskComms_Buffer.a(ErikaOS_ee_evclear.o)
 .comment       0x0000006e       0x6f .\CortexM3\ARM_GCC_541\Debug\TaskComms_Buffer.a(ErikaOS_ee_evget.o)
 .comment       0x0000006e       0x6f .\CortexM3\ARM_GCC_541\Debug\TaskComms_Buffer.a(ErikaOS_ee_evset.o)
 .comment       0x0000006e       0x6f .\CortexM3\ARM_GCC_541\Debug\TaskComms_Buffer.a(ErikaOS_ee_evwait.o)
 .comment       0x0000006e       0x6f .\CortexM3\ARM_GCC_541\Debug\TaskComms_Buffer.a(ErikaOS_ee_irqendin.o)
 .comment       0x0000006e       0x6f .\CortexM3\ARM_GCC_541\Debug\TaskComms_Buffer.a(ErikaOS_ee_lockres.o)
 .comment       0x0000006e       0x6f .\CortexM3\ARM_GCC_541\Debug\TaskComms_Buffer.a(ErikaOS_ee_lookup.o)
 .comment       0x0000006e       0x6f .\CortexM3\ARM_GCC_541\Debug\TaskComms_Buffer.a(ErikaOS_ee_rq_exchg.o)
 .comment       0x0000006e       0x6f .\CortexM3\ARM_GCC_541\Debug\TaskComms_Buffer.a(ErikaOS_ee_rq_first.o)
 .comment       0x0000006e       0x6f .\CortexM3\ARM_GCC_541\Debug\TaskComms_Buffer.a(ErikaOS_ee_rq_inser.o)
 .comment       0x0000006e       0x6f .\CortexM3\ARM_GCC_541\Debug\TaskComms_Buffer.a(ErikaOS_ee_startos.o)
 .comment       0x0000006e       0x6f .\CortexM3\ARM_GCC_541\Debug\TaskComms_Buffer.a(ErikaOS_ee_terminat.o)
 .comment       0x0000006e       0x6f .\CortexM3\ARM_GCC_541\Debug\TaskComms_Buffer.a(ErikaOS_ee_ulockallres.o)
 .comment       0x0000006e       0x6f .\CortexM3\ARM_GCC_541\Debug\TaskComms_Buffer.a(ErikaOS_ee_ulockres.o)
 .comment       0x0000006e       0x6f .\CortexM3\ARM_GCC_541\Debug\TaskComms_Buffer.a(ErikaOS_cortex_mx_ee_utils.o)
 .comment       0x0000006e       0x6f .\CortexM3\ARM_GCC_541\Debug\TaskComms_Buffer.a(ErikaOS_common_ee_hal_structs.o)
 .comment       0x0000006e       0x6f .\CortexM3\ARM_GCC_541\Debug\TaskComms_Buffer.a(ErikaOS_eecfg.o)
 .comment       0x0000006e       0x6f .\CortexM3\ARM_GCC_541\Debug\TaskComms_Buffer.a(TFT_SPI_IntClock.o)
 .comment       0x0000006e       0x6f .\CortexM3\ARM_GCC_541\Debug\TaskComms_Buffer.a(UART_LOG_IntClock.o)
 .comment       0x0000006e       0x6f .\CortexM3\ARM_GCC_541\Debug\TaskComms_Buffer.a(CyLib.o)
 .comment       0x0000006e       0x6f .\CortexM3\ARM_GCC_541\Debug\TaskComms_Buffer.a(cyPm.o)
 .comment       0x0000006e       0x6f .\CortexM3\ARM_GCC_541\Debug\TaskComms_Buffer.a(isr_uartRX.o)
 .comment       0x0000006e       0x6f .\CortexM3\ARM_GCC_541\Debug\TaskComms_Buffer.a(ErikaOS_ee_tnterm.o)
 .comment       0x0000006e       0x6f .\CortexM3\ARM_GCC_541\Debug\TaskComms_Buffer.a(ErikaOS_ee_tstub.o)
 .comment       0x0000006e       0x6f .\CortexM3\ARM_GCC_541\Debug\TaskComms_Buffer.a(ErikaOS_cortex_mx_ee_context.o)
 .comment       0x0000006e       0x6f .\CortexM3\ARM_GCC_541\Debug\TaskComms_Buffer.a(CyFlash.o)
 .comment       0x0000006e       0x6f .\CortexM3\ARM_GCC_541\Debug\TaskComms_Buffer.a(CySpc.o)
 .comment       0x0000006e       0x6f .\CortexM3\ARM_GCC_541\Debug\TaskComms_Buffer.a(ErikaOS_ee_thendin.o)

.debug_weaknames
 *(.debug_weaknames)

.debug_funcnames
 *(.debug_funcnames)

.debug_typenames
 *(.debug_typenames)

.debug_varnames
 *(.debug_varnames)

.note.gnu.arm.ident
 *(.note.gnu.arm.ident)

.ARM.attributes
                0x00000000       0x2f
 *(.ARM.attributes)
 .ARM.attributes
                0x00000000       0x1d c:/h_da softwares & projects/psoc creator/4.4/psoc creator/import/gnu/arm/5.4.1/bin/../lib/gcc/arm-none-eabi/5.4.1/armv7-m/crti.o
 .ARM.attributes
                0x0000001d       0x2d c:/h_da softwares & projects/psoc creator/4.4/psoc creator/import/gnu/arm/5.4.1/bin/../lib/gcc/arm-none-eabi/5.4.1/armv7-m/crtbegin.o
 .ARM.attributes
                0x0000004a       0x1b c:/h_da softwares & projects/psoc creator/4.4/psoc creator/import/gnu/arm/5.4.1/bin/../lib/gcc/arm-none-eabi/5.4.1/../../../../arm-none-eabi/lib/armv7-m/crt0.o
 .ARM.attributes
                0x00000065       0x33 .\CortexM3\ARM_GCC_541\Debug\tft.o
 .ARM.attributes
                0x00000098       0x33 .\CortexM3\ARM_GCC_541\Debug\logging.o
 .ARM.attributes
                0x000000cb       0x33 .\CortexM3\ARM_GCC_541\Debug\ringbuffer.o
 .ARM.attributes
                0x000000fe       0x33 .\CortexM3\ARM_GCC_541\Debug\main.o
 .ARM.attributes
                0x00000131       0x33 .\CortexM3\ARM_GCC_541\Debug\comms.o
 .ARM.attributes
                0x00000164       0x33 .\CortexM3\ARM_GCC_541\Debug\cyfitter_cfg.o
 .ARM.attributes
                0x00000197       0x33 .\CortexM3\ARM_GCC_541\Debug\cymetadata.o
 .ARM.attributes
                0x000001ca       0x33 .\CortexM3\ARM_GCC_541\Debug\Cm3Start.o
 .ARM.attributes
                0x000001fd       0x33 .\CortexM3\ARM_GCC_541\Debug\TaskComms_Buffer.a(TFT_SPI.o)
 .ARM.attributes
                0x00000230       0x33 .\CortexM3\ARM_GCC_541\Debug\TaskComms_Buffer.a(TFT_DC.o)
 .ARM.attributes
                0x00000263       0x33 .\CortexM3\ARM_GCC_541\Debug\TaskComms_Buffer.a(TFT_RES.o)
 .ARM.attributes
                0x00000296       0x33 .\CortexM3\ARM_GCC_541\Debug\TaskComms_Buffer.a(TFT_BackLight.o)
 .ARM.attributes
                0x000002c9       0x33 .\CortexM3\ARM_GCC_541\Debug\TaskComms_Buffer.a(UART_LOG.o)
 .ARM.attributes
                0x000002fc       0x33 .\CortexM3\ARM_GCC_541\Debug\TaskComms_Buffer.a(ErikaOS_ee_activate.o)
 .ARM.attributes
                0x0000032f       0x33 .\CortexM3\ARM_GCC_541\Debug\TaskComms_Buffer.a(ErikaOS_ee_evclear.o)
 .ARM.attributes
                0x00000362       0x33 .\CortexM3\ARM_GCC_541\Debug\TaskComms_Buffer.a(ErikaOS_ee_evget.o)
 .ARM.attributes
                0x00000395       0x33 .\CortexM3\ARM_GCC_541\Debug\TaskComms_Buffer.a(ErikaOS_ee_evset.o)
 .ARM.attributes
                0x000003c8       0x33 .\CortexM3\ARM_GCC_541\Debug\TaskComms_Buffer.a(ErikaOS_ee_evwait.o)
 .ARM.attributes
                0x000003fb       0x33 .\CortexM3\ARM_GCC_541\Debug\TaskComms_Buffer.a(ErikaOS_ee_irqendin.o)
 .ARM.attributes
                0x0000042e       0x33 .\CortexM3\ARM_GCC_541\Debug\TaskComms_Buffer.a(ErikaOS_ee_lockres.o)
 .ARM.attributes
                0x00000461       0x33 .\CortexM3\ARM_GCC_541\Debug\TaskComms_Buffer.a(ErikaOS_ee_lookup.o)
 .ARM.attributes
                0x00000494       0x33 .\CortexM3\ARM_GCC_541\Debug\TaskComms_Buffer.a(ErikaOS_ee_rq_exchg.o)
 .ARM.attributes
                0x000004c7       0x33 .\CortexM3\ARM_GCC_541\Debug\TaskComms_Buffer.a(ErikaOS_ee_rq_first.o)
 .ARM.attributes
                0x000004fa       0x33 .\CortexM3\ARM_GCC_541\Debug\TaskComms_Buffer.a(ErikaOS_ee_rq_inser.o)
 .ARM.attributes
                0x0000052d       0x33 .\CortexM3\ARM_GCC_541\Debug\TaskComms_Buffer.a(ErikaOS_ee_startos.o)
 .ARM.attributes
                0x00000560       0x33 .\CortexM3\ARM_GCC_541\Debug\TaskComms_Buffer.a(ErikaOS_ee_terminat.o)
 .ARM.attributes
                0x00000593       0x33 .\CortexM3\ARM_GCC_541\Debug\TaskComms_Buffer.a(ErikaOS_ee_ulockallres.o)
 .ARM.attributes
                0x000005c6       0x33 .\CortexM3\ARM_GCC_541\Debug\TaskComms_Buffer.a(ErikaOS_ee_ulockres.o)
 .ARM.attributes
                0x000005f9       0x33 .\CortexM3\ARM_GCC_541\Debug\TaskComms_Buffer.a(ErikaOS_cortex_mx_ee_utils.o)
 .ARM.attributes
                0x0000062c       0x33 .\CortexM3\ARM_GCC_541\Debug\TaskComms_Buffer.a(ErikaOS_common_ee_hal_structs.o)
 .ARM.attributes
                0x0000065f       0x33 .\CortexM3\ARM_GCC_541\Debug\TaskComms_Buffer.a(ErikaOS_eecfg.o)
 .ARM.attributes
                0x00000692       0x33 .\CortexM3\ARM_GCC_541\Debug\TaskComms_Buffer.a(TFT_SPI_IntClock.o)
 .ARM.attributes
                0x000006c5       0x33 .\CortexM3\ARM_GCC_541\Debug\TaskComms_Buffer.a(UART_LOG_IntClock.o)
 .ARM.attributes
                0x000006f8       0x33 .\CortexM3\ARM_GCC_541\Debug\TaskComms_Buffer.a(CyLib.o)
 .ARM.attributes
                0x0000072b       0x33 .\CortexM3\ARM_GCC_541\Debug\TaskComms_Buffer.a(cyPm.o)
 .ARM.attributes
                0x0000075e       0x33 .\CortexM3\ARM_GCC_541\Debug\TaskComms_Buffer.a(isr_uartRX.o)
 .ARM.attributes
                0x00000791       0x21 .\CortexM3\ARM_GCC_541\Debug\TaskComms_Buffer.a(ErikaOS_ee_gnu_change_context_isr.o)
 .ARM.attributes
                0x000007b2       0x21 .\CortexM3\ARM_GCC_541\Debug\TaskComms_Buffer.a(ErikaOS_ee_gnu_irq_stack.o)
 .ARM.attributes
                0x000007d3       0x21 .\CortexM3\ARM_GCC_541\Debug\TaskComms_Buffer.a(ErikaOS_ee_gnu_multi_context.o)
 .ARM.attributes
                0x000007f4       0x21 .\CortexM3\ARM_GCC_541\Debug\TaskComms_Buffer.a(ErikaOS_ee_gnu_oo.o)
 .ARM.attributes
                0x00000815       0x21 .\CortexM3\ARM_GCC_541\Debug\TaskComms_Buffer.a(CyBootAsmGnu.o)
 .ARM.attributes
                0x00000836       0x33 .\CortexM3\ARM_GCC_541\Debug\TaskComms_Buffer.a(ErikaOS_ee_tnterm.o)
 .ARM.attributes
                0x00000869       0x33 .\CortexM3\ARM_GCC_541\Debug\TaskComms_Buffer.a(ErikaOS_ee_tstub.o)
 .ARM.attributes
                0x0000089c       0x33 .\CortexM3\ARM_GCC_541\Debug\TaskComms_Buffer.a(ErikaOS_cortex_mx_ee_context.o)
 .ARM.attributes
                0x000008cf       0x33 .\CortexM3\ARM_GCC_541\Debug\TaskComms_Buffer.a(CyFlash.o)
 .ARM.attributes
                0x00000902       0x33 .\CortexM3\ARM_GCC_541\Debug\TaskComms_Buffer.a(CySpc.o)
 .ARM.attributes
                0x00000935       0x33 .\CortexM3\ARM_GCC_541\Debug\TaskComms_Buffer.a(ErikaOS_ee_thendin.o)
 .ARM.attributes
                0x00000968       0x2d c:/h_da softwares & projects/psoc creator/4.4/psoc creator/import/gnu/arm/5.4.1/bin/../lib/gcc/arm-none-eabi/5.4.1/../../../../arm-none-eabi/lib/armv7-m\libg_nano.a(lib_a-errno.o)
 .ARM.attributes
                0x00000995       0x2d c:/h_da softwares & projects/psoc creator/4.4/psoc creator/import/gnu/arm/5.4.1/bin/../lib/gcc/arm-none-eabi/5.4.1/../../../../arm-none-eabi/lib/armv7-m\libg_nano.a(lib_a-exit.o)
 .ARM.attributes
                0x000009c2       0x2d c:/h_da softwares & projects/psoc creator/4.4/psoc creator/import/gnu/arm/5.4.1/bin/../lib/gcc/arm-none-eabi/5.4.1/../../../../arm-none-eabi/lib/armv7-m\libg_nano.a(lib_a-impure.o)
 .ARM.attributes
                0x000009ef       0x2d c:/h_da softwares & projects/psoc creator/4.4/psoc creator/import/gnu/arm/5.4.1/bin/../lib/gcc/arm-none-eabi/5.4.1/../../../../arm-none-eabi/lib/armv7-m\libg_nano.a(lib_a-init.o)
 .ARM.attributes
                0x00000a1c       0x2d c:/h_da softwares & projects/psoc creator/4.4/psoc creator/import/gnu/arm/5.4.1/bin/../lib/gcc/arm-none-eabi/5.4.1/../../../../arm-none-eabi/lib/armv7-m\libg_nano.a(lib_a-memcpy-stub.o)
 .ARM.attributes
                0x00000a49       0x2d c:/h_da softwares & projects/psoc creator/4.4/psoc creator/import/gnu/arm/5.4.1/bin/../lib/gcc/arm-none-eabi/5.4.1/../../../../arm-none-eabi/lib/armv7-m\libg_nano.a(lib_a-memset.o)
 .ARM.attributes
                0x00000a76       0x2d c:/h_da softwares & projects/psoc creator/4.4/psoc creator/import/gnu/arm/5.4.1/bin/../lib/gcc/arm-none-eabi/5.4.1/armv7-m/crtend.o
 .ARM.attributes
                0x00000aa3       0x1d c:/h_da softwares & projects/psoc creator/4.4/psoc creator/import/gnu/arm/5.4.1/bin/../lib/gcc/arm-none-eabi/5.4.1/armv7-m/crtn.o

/DISCARD/
 *(.note.GNU-stack)